D:\ST\STM32CubeIDE_1.14.1\STM32CubeIDE\plugins\com.st.stm32cube.ide.mcu.externaltools.gnu-tools-for-stm32.12.3.rel1.win32_1.0.100.202403111256\tools\bin/../lib/gcc/arm-none-eabi/12.3.1/../../../../arm-none-eabi/include/stdio.h:220:5:fputc	16	static
D:\ST\STM32CubeIDE_1.14.1\STM32CubeIDE\plugins\com.st.stm32cube.ide.mcu.externaltools.gnu-tools-for-stm32.12.3.rel1.win32_1.0.100.202403111256\tools\bin/../lib/gcc/arm-none-eabi/12.3.1/../../../../arm-none-eabi/include/stdio.h:218:5:fgetc	24	static
../user_app/debug.c:35:6:uart_debug_init	8	static
../user_app/debug.c:42:6:HAL_UART_RxCpltCallback	16	static
../user_app/debug.c:50:6:vofa_FireWater_output	56	static
../user_app/debug.c:56:6:vofa_JustFloat_output	48	static
