<html>
<body>
<pre>
<h1>µVision Build Log</h1>
<h2>Tool Versions:</h2>
IDE-Version: ¦ÌVision V5.39.0.0
Copyright (C) 2023 ARM Ltd and ARM Germany GmbH. All rights reserved.
License Information: i 18575880679@163.com, d, LIC=8VRJ7-EBEEX-TGP7T-RDLR4-RY7SP-0MVZV
 
Tool Versions:
Toolchain:       MDK-ARM Plus  Version: 5.39.0.0
Toolchain Path:  C:\Keil_v5\ARM\ARMCLANG\Bin
C Compiler:      ArmClang.exe V6.21
Assembler:       Armasm.exe V6.21
Linker/Locator:  ArmLink.exe V6.21
Library Manager: ArmAr.exe V6.21
Hex Converter:   FromElf.exe V6.21
CPU DLL:         SARMCM3.DLL V5.39.0.0
Dialog DLL:      DCM.DLL V1.17.5.0
Target DLL:      STLink\ST-LINKIII-KEIL_SWO.dll V3.2.0.0
Dialog DLL:      TCM.DLL V1.56.4.0
 
<h2>Project:</h2>
C:\Users\18575\Desktop\FOC\firmware\keil\MDK-ARM\STM32G4_GPIO.uvprojx
Project File Date:  04/06/2024

<h2>Output:</h2>
*** Using Compiler 'V6.21', folder: 'C:\Keil_v5\ARM\ARMCLANG\Bin'
*** Warning: You are compiling one or more files of source type C++ and have selected 'use MicroLIB'. MicroLIB does not support C++!
  
Build target 'STM32G4_GPIO'
compiling adc.c...
compiling dma.c...
compiling gpio.c...
compiling fdcan.c...
compiling comp.c...
compiling dac.c...
compiling main.c...
compiling spi.c...
compiling opamp.c...
compiling usart.c...
compiling tim.c...
compiling stm32g4xx_it.c...
compiling stm32g4xx_hal_msp.c...
compiling stm32g4xx_ll_adc.c...
compiling stm32g4xx_hal_adc.c...
compiling stm32g4xx_hal.c...
compiling stm32g4xx_hal_rcc.c...
compiling stm32g4xx_hal_flash.c...
compiling stm32g4xx_hal_rcc_ex.c...
compiling stm32g4xx_hal_flash_ramfunc.c...
compiling stm32g4xx_hal_adc_ex.c...
compiling stm32g4xx_hal_flash_ex.c...
compiling stm32g4xx_hal_gpio.c...
compiling stm32g4xx_hal_exti.c...
compiling stm32g4xx_hal_dma.c...
compiling stm32g4xx_hal_dma_ex.c...
compiling stm32g4xx_hal_pwr.c...
compiling stm32g4xx_hal_cortex.c...
compiling stm32g4xx_hal_pwr_ex.c...
compiling stm32g4xx_hal_comp.c...
compiling stm32g4xx_hal_dac.c...
compiling stm32g4xx_hal_dac_ex.c...
compiling stm32g4xx_hal_opamp.c...
compiling stm32g4xx_hal_opamp_ex.c...
compiling stm32g4xx_hal_spi_ex.c...
compiling stm32g4xx_hal_fdcan.c...
compiling stm32g4xx_hal_spi.c...
compiling system_stm32g4xx.c...
../User/app.cpp(37): warning: 4 enumeration values not handled in switch: 'CLEAN', 'TEST', 'FAULT'... [-Wswitch]
   37 |     switch (devState)
      |             ^~~~~~~~
1 warning generated.
compiling app.cpp...
compiling stm32g4xx_hal_uart_ex.c...
compiling stm32g4xx_hal_tim_ex.c...
compiling comm.cpp...
compiling driver.cpp...
compiling encoder.cpp...
compiling stm32g4xx_hal_tim.c...
compiling key.cpp...
compiling led.cpp...
compiling stm32g4xx_hal_uart.c...
compiling foc.cpp...
compiling lowpass_filter.cpp...
compiling motor.cpp...
compiling pid.cpp...
compiling math_utils.cpp...
compiling userMain.cpp...
compiling time_utils.cpp...
compiling userTimer.cpp...
compiling encoder_base.cpp...
compiling encoder_as5407.cpp...
compiling driver_fd6288q.cpp...
compiling as5407.cpp...
linking...
Program Size: Code=34304 RO-data=1432 RW-data=72 ZI-data=2456  
FromELF: creating hex file...
"STM32G4_GPIO\STM32G4_GPIO.axf" - 0 Error(s), 1 Warning(s).

<h2>Software Packages used:</h2>

Package Vendor: ARM
                http://www.keil.com/pack/ARM.CMSIS.5.9.0.pack
                ARM::CMSIS@5.9.0
                CMSIS (Common Microcontroller Software Interface Standard)
   * Component: CORE Version: 5.6.0

Package Vendor: Keil
                https://www.keil.com/pack/Keil.STM32G4xx_DFP.1.5.0.pack
                Keil::STM32G4xx_DFP@1.5.0
                STMicroelectronics STM32G4 Series Device Support, Drivers and Examples

<h2>Collection of Component include folders:</h2>
  ./RTE/_STM32G4_GPIO
  C:/Users/18575/AppData/Local/Arm/Packs/ARM/CMSIS/5.9.0/CMSIS/Core/Include
  C:/Users/18575/AppData/Local/Arm/Packs/Keil/STM32G4xx_DFP/1.5.0/Drivers/CMSIS/Device/ST/STM32G4xx/Include

<h2>Collection of Component Files used:</h2>

   * Component: ARM::CMSIS:CORE@5.6.0
      Include file:  CMSIS/Core/Include/tz_context.h
Build Time Elapsed:  00:00:07
</pre>
</body>
</html>
