../User/userMain.c:42:6:userMain	8	static
../User/userMain.c:91:6:setPowerLost	4	static
../User/userMain.c:95:6:HAL_GPIO_EXTI_Callback	16	static
../User/userMain.c:126:6:HAL_UART_RxCpltCallback	16	static
D:\ST\STM32CubeIDE_1.14.1\STM32CubeIDE\plugins\com.st.stm32cube.ide.mcu.externaltools.gnu-tools-for-stm32.12.3.rel1.win32_1.0.100.202403111256\tools\bin/../lib/gcc/arm-none-eabi/12.3.1/../../../../arm-none-eabi/include/stdio.h:220:5:fputc	16	static
../User/userMain.c:156:6:HAL_ADCEx_InjectedConvCpltCallback	24	static
../User/userMain.c:215:6:HAL_TIM_IC_CaptureCallback	16	static
../User/userMain.c:267:6:FDCAN_Config	4	static
