../User/userTimer.c:14:6:dealPer100us	8	static
../User/userTimer.c:29:6:dealPerMs	4	static
../User/userTimer.c:173:6:setCrossZero4timer	4	static
../User/userTimer.c:179:6:initializeClock	4	static
../User/userTimer.c:189:15:getFrequence	4	static
../User/userTimer.c:214:6:getOneSecFlag	4	static
../User/userTimer.c:225:6:getOneMsFlag	4	static
../User/userTimer.c:236:6:getPowerLost	4	static
../User/userTimer.c:241:6:getZeroErr	4	static
../User/userTimer.c:249:6:getCrossZero	4	static
../User/userTimer.c:253:6:get5MsFlag	4	static
../User/userTimer.c:266:6:get10MsFlag	4	static
../User/userTimer.c:279:6:get20MsFlag	4	static
../User/userTimer.c:292:6:get30MsFlag	4	static
../User/userTimer.c:305:6:get100MsFlag	4	static
../User/userTimer.c:318:6:get500MsFlag	4	static
