../User/userMain.c:33:6:userMain	8	static
../User/userMain.c:87:6:setPowerLost	4	static
../User/userMain.c:91:6:HAL_GPIO_EXTI_Callback	16	static
C:\ST\STM32CubeIDE_1.11.0\STM32CubeIDE\plugins\com.st.stm32cube.ide.mcu.externaltools.gnu-tools-for-stm32.12.3.rel1.win32_1.0.100.202403111256\tools\bin/../lib/gcc/arm-none-eabi/12.3.1/../../../../arm-none-eabi/include/stdio.h:220:5:fputc	16	static
../User/userMain.c:130:6:HAL_ADCEx_InjectedConvCpltCallback	16	static
../User/userMain.c:190:6:HAL_TIM_IC_CaptureCallback	16	static
../User/userMain.c:242:6:FDCAN_Config	4	static
