Archive member included to satisfy reference by file (symbol)

D:/ST/STM32CubeIDE_1.14.1/STM32CubeIDE/plugins/com.st.stm32cube.ide.mcu.externaltools.gnu-tools-for-stm32.12.3.rel1.win32_1.0.100.202403111256/tools/bin/../lib/gcc/arm-none-eabi/12.3.1/../../../../arm-none-eabi/lib/thumb/v7e-m+fp/hard\libc_nano.a(libc_a-exit.o)
                              D:/ST/STM32CubeIDE_1.14.1/STM32CubeIDE/plugins/com.st.stm32cube.ide.mcu.externaltools.gnu-tools-for-stm32.12.3.rel1.win32_1.0.100.202403111256/tools/bin/../lib/gcc/arm-none-eabi/12.3.1/../../../../arm-none-eabi/lib/thumb/v7e-m+fp/hard/crt0.o (exit)
D:/ST/STM32CubeIDE_1.14.1/STM32CubeIDE/plugins/com.st.stm32cube.ide.mcu.externaltools.gnu-tools-for-stm32.12.3.rel1.win32_1.0.100.202403111256/tools/bin/../lib/gcc/arm-none-eabi/12.3.1/../../../../arm-none-eabi/lib/thumb/v7e-m+fp/hard\libc_nano.a(libc_a-findfp.o)
                              D:/ST/STM32CubeIDE_1.14.1/STM32CubeIDE/plugins/com.st.stm32cube.ide.mcu.externaltools.gnu-tools-for-stm32.12.3.rel1.win32_1.0.100.202403111256/tools/bin/../lib/gcc/arm-none-eabi/12.3.1/../../../../arm-none-eabi/lib/thumb/v7e-m+fp/hard\libc_nano.a(libc_a-exit.o) (__stdio_exit_handler)
D:/ST/STM32CubeIDE_1.14.1/STM32CubeIDE/plugins/com.st.stm32cube.ide.mcu.externaltools.gnu-tools-for-stm32.12.3.rel1.win32_1.0.100.202403111256/tools/bin/../lib/gcc/arm-none-eabi/12.3.1/../../../../arm-none-eabi/lib/thumb/v7e-m+fp/hard\libc_nano.a(libc_a-fwalk.o)
                              D:/ST/STM32CubeIDE_1.14.1/STM32CubeIDE/plugins/com.st.stm32cube.ide.mcu.externaltools.gnu-tools-for-stm32.12.3.rel1.win32_1.0.100.202403111256/tools/bin/../lib/gcc/arm-none-eabi/12.3.1/../../../../arm-none-eabi/lib/thumb/v7e-m+fp/hard\libc_nano.a(libc_a-findfp.o) (_fwalk_sglue)
D:/ST/STM32CubeIDE_1.14.1/STM32CubeIDE/plugins/com.st.stm32cube.ide.mcu.externaltools.gnu-tools-for-stm32.12.3.rel1.win32_1.0.100.202403111256/tools/bin/../lib/gcc/arm-none-eabi/12.3.1/../../../../arm-none-eabi/lib/thumb/v7e-m+fp/hard\libc_nano.a(libc_a-stdio.o)
                              D:/ST/STM32CubeIDE_1.14.1/STM32CubeIDE/plugins/com.st.stm32cube.ide.mcu.externaltools.gnu-tools-for-stm32.12.3.rel1.win32_1.0.100.202403111256/tools/bin/../lib/gcc/arm-none-eabi/12.3.1/../../../../arm-none-eabi/lib/thumb/v7e-m+fp/hard\libc_nano.a(libc_a-findfp.o) (__sread)
D:/ST/STM32CubeIDE_1.14.1/STM32CubeIDE/plugins/com.st.stm32cube.ide.mcu.externaltools.gnu-tools-for-stm32.12.3.rel1.win32_1.0.100.202403111256/tools/bin/../lib/gcc/arm-none-eabi/12.3.1/../../../../arm-none-eabi/lib/thumb/v7e-m+fp/hard\libc_nano.a(libc_a-memset.o)
                              D:/ST/STM32CubeIDE_1.14.1/STM32CubeIDE/plugins/com.st.stm32cube.ide.mcu.externaltools.gnu-tools-for-stm32.12.3.rel1.win32_1.0.100.202403111256/tools/bin/../lib/gcc/arm-none-eabi/12.3.1/../../../../arm-none-eabi/lib/thumb/v7e-m+fp/hard/crt0.o (memset)
D:/ST/STM32CubeIDE_1.14.1/STM32CubeIDE/plugins/com.st.stm32cube.ide.mcu.externaltools.gnu-tools-for-stm32.12.3.rel1.win32_1.0.100.202403111256/tools/bin/../lib/gcc/arm-none-eabi/12.3.1/../../../../arm-none-eabi/lib/thumb/v7e-m+fp/hard\libc_nano.a(libc_a-closer.o)
                              D:/ST/STM32CubeIDE_1.14.1/STM32CubeIDE/plugins/com.st.stm32cube.ide.mcu.externaltools.gnu-tools-for-stm32.12.3.rel1.win32_1.0.100.202403111256/tools/bin/../lib/gcc/arm-none-eabi/12.3.1/../../../../arm-none-eabi/lib/thumb/v7e-m+fp/hard\libc_nano.a(libc_a-stdio.o) (_close_r)
D:/ST/STM32CubeIDE_1.14.1/STM32CubeIDE/plugins/com.st.stm32cube.ide.mcu.externaltools.gnu-tools-for-stm32.12.3.rel1.win32_1.0.100.202403111256/tools/bin/../lib/gcc/arm-none-eabi/12.3.1/../../../../arm-none-eabi/lib/thumb/v7e-m+fp/hard\libc_nano.a(libc_a-reent.o)
                              D:/ST/STM32CubeIDE_1.14.1/STM32CubeIDE/plugins/com.st.stm32cube.ide.mcu.externaltools.gnu-tools-for-stm32.12.3.rel1.win32_1.0.100.202403111256/tools/bin/../lib/gcc/arm-none-eabi/12.3.1/../../../../arm-none-eabi/lib/thumb/v7e-m+fp/hard\libc_nano.a(libc_a-closer.o) (errno)
D:/ST/STM32CubeIDE_1.14.1/STM32CubeIDE/plugins/com.st.stm32cube.ide.mcu.externaltools.gnu-tools-for-stm32.12.3.rel1.win32_1.0.100.202403111256/tools/bin/../lib/gcc/arm-none-eabi/12.3.1/../../../../arm-none-eabi/lib/thumb/v7e-m+fp/hard\libc_nano.a(libc_a-impure.o)
                              D:/ST/STM32CubeIDE_1.14.1/STM32CubeIDE/plugins/com.st.stm32cube.ide.mcu.externaltools.gnu-tools-for-stm32.12.3.rel1.win32_1.0.100.202403111256/tools/bin/../lib/gcc/arm-none-eabi/12.3.1/../../../../arm-none-eabi/lib/thumb/v7e-m+fp/hard\libc_nano.a(libc_a-reent.o) (_impure_ptr)
D:/ST/STM32CubeIDE_1.14.1/STM32CubeIDE/plugins/com.st.stm32cube.ide.mcu.externaltools.gnu-tools-for-stm32.12.3.rel1.win32_1.0.100.202403111256/tools/bin/../lib/gcc/arm-none-eabi/12.3.1/../../../../arm-none-eabi/lib/thumb/v7e-m+fp/hard\libc_nano.a(libc_a-lseekr.o)
[...]
Memory Configuration

Name             Origin             Length             Attributes
RAM              0x20000000         0x00008000         xrw
FLASH            0x08000000         0x00020000         xr
*default*        0x00000000         0xffffffff

Linker script and memory map

LOAD D:/ST/STM32CubeIDE_1.14.1/STM32CubeIDE/plugins/com.st.stm32cube.ide.mcu.externaltools.gnu-tools-for-stm32.12.3.rel1.win32_1.0.100.202403111256/tools/bin/../lib/gcc/arm-none-eabi/12.3.1/thumb/v7e-m+fp/hard/crti.o
LOAD D:/ST/STM32CubeIDE_1.14.1/STM32CubeIDE/plugins/com.st.stm32cube.ide.mcu.externaltools.gnu-tools-for-stm32.12.3.rel1.win32_1.0.100.202403111256/tools/bin/../lib/gcc/arm-none-eabi/12.3.1/thumb/v7e-m+fp/hard/crtbegin.o
LOAD D:/ST/STM32CubeIDE_1.14.1/STM32CubeIDE/plugins/com.st.stm32cube.ide.mcu.externaltools.gnu-tools-for-stm32.12.3.rel1.win32_1.0.100.202403111256/tools/bin/../lib/gcc/arm-none-eabi/12.3.1/../../../../arm-none-eabi/lib/thumb/v7e-m+fp/hard/crt0.o
LOAD ./Core/Src/adc.o
LOAD ./Core/Src/comp.o
LOAD ./Core/Src/dac.o
LOAD ./Core/Src/dma.o
LOAD ./Core/Src/fdcan.o
LOAD ./Core/Src/gpio.o
LOAD ./Core/Src/main.o
LOAD ./Core/Src/opamp.o
LOAD ./Core/Src/stm32g4xx_hal_msp.o
LOAD ./Core/Src/stm32g4xx_it.o
LOAD ./Core/Src/syscalls.o
LOAD ./Core/Src/sysmem.o
LOAD ./Core/Src/system_stm32g4xx.o
LOAD ./Core/Src/tim.o
LOAD ./Core/Src/usart.o
LOAD ./Core/Startup/startup_stm32g431cbux.o
LOAD ./Drivers/STM32G4xx_HAL_Driver/Src/stm32g4xx_hal.o
LOAD ./Drivers/STM32G4xx_HAL_Driver/Src/stm32g4xx_hal_adc.o
LOAD ./Drivers/STM32G4xx_HAL_Driver/Src/stm32g4xx_hal_adc_ex.o
LOAD ./Drivers/STM32G4xx_HAL_Driver/Src/stm32g4xx_hal_comp.o
LOAD ./Drivers/STM32G4xx_HAL_Driver/Src/stm32g4xx_hal_cortex.o
LOAD ./Drivers/STM32G4xx_HAL_Driver/Src/stm32g4xx_hal_dac.o
LOAD ./Drivers/STM32G4xx_HAL_Driver/Src/stm32g4xx_hal_dac_ex.o
LOAD ./Drivers/STM32G4xx_HAL_Driver/Src/stm32g4xx_hal_dma.o
LOAD ./Drivers/STM32G4xx_HAL_Driver/Src/stm32g4xx_hal_dma_ex.o
LOAD ./Drivers/STM32G4xx_HAL_Driver/Src/stm32g4xx_hal_exti.o
LOAD ./Drivers/STM32G4xx_HAL_Driver/Src/stm32g4xx_hal_fdcan.o
LOAD ./Drivers/STM32G4xx_HAL_Driver/Src/stm32g4xx_hal_flash.o
LOAD ./Drivers/STM32G4xx_HAL_Driver/Src/stm32g4xx_hal_flash_ex.o
LOAD ./Drivers/STM32G4xx_HAL_Driver/Src/stm32g4xx_hal_flash_ramfunc.o
LOAD ./Drivers/STM32G4xx_HAL_Driver/Src/stm32g4xx_hal_gpio.o
LOAD ./Drivers/STM32G4xx_HAL_Driver/Src/stm32g4xx_hal_opamp.o
LOAD ./Drivers/STM32G4xx_HAL_Driver/Src/stm32g4xx_hal_opamp_ex.o
LOAD ./Drivers/STM32G4xx_HAL_Driver/Src/stm32g4xx_hal_pwr.o
LOAD ./Drivers/STM32G4xx_HAL_Driver/Src/stm32g4xx_hal_pwr_ex.o
LOAD ./Drivers/STM32G4xx_HAL_Driver/Src/stm32g4xx_hal_rcc.o
LOAD ./Drivers/STM32G4xx_HAL_Driver/Src/stm32g4xx_hal_rcc_ex.o
LOAD ./Drivers/STM32G4xx_HAL_Driver/Src/stm32g4xx_hal_tim.o
LOAD ./Drivers/STM32G4xx_HAL_Driver/Src/stm32g4xx_hal_tim_ex.o
LOAD ./Drivers/STM32G4xx_HAL_Driver/Src/stm32g4xx_hal_uart.o
LOAD ./Drivers/STM32G4xx_HAL_Driver/Src/stm32g4xx_hal_uart_ex.o
LOAD ./Drivers/STM32G4xx_HAL_Driver/Src/stm32g4xx_ll_adc.o
LOAD ./User/app.o
LOAD ./User/foc.o
LOAD ./User/foc_utils.o
LOAD ./User/lowpass_filter.o
LOAD ./User/motor.o
LOAD ./User/pid.o
LOAD ./User/userMain.o
LOAD ./User/userTimer.o
LOAD ../Middlewares/ST/ARM/DSP/Lib\libarm_cortexM4lf_math.a
START GROUP
LOAD D:/ST/STM32CubeIDE_1.14.1/STM32CubeIDE/plugins/com.st.stm32cube.ide.mcu.externaltools.gnu-tools-for-stm32.12.3.rel1.win32_1.0.100.202403111256/tools/bin/../lib/gcc/arm-none-eabi/12.3.1/../../../../arm-none-eabi/lib/thumb/v7e-m+fp/hard\libc_nano.a
LOAD D:/ST/STM32CubeIDE_1.14.1/STM32CubeIDE/plugins/com.st.stm32cube.ide.mcu.externaltools.gnu-tools-for-stm32.12.3.rel1.win32_1.0.100.202403111256/tools/bin/../lib/gcc/arm-none-eabi/12.3.1/../../../../arm-none-eabi/lib/thumb/v7e-m+fp/hard\libm.a
END GROUP
START GROUP
LOAD D:/ST/STM32CubeIDE_1.14.1/STM32CubeIDE/plugins/com.st.stm32cube.ide.mcu.externaltools.gnu-tools-for-stm32.12.3.rel1.win32_1.0.100.202403111256/tools/bin/../lib/gcc/arm-none-eabi/12.3.1/thumb/v7e-m+fp/hard\libgcc.a
LOAD D:/ST/STM32CubeIDE_1.14.1/STM32CubeIDE/plugins/com.st.stm32cube.ide.mcu.externaltools.gnu-tools-for-stm32.12.3.rel1.win32_1.0.100.202403111256/tools/bin/../lib/gcc/arm-none-eabi/12.3.1/../../../../arm-none-eabi/lib/thumb/v7e-m+fp/hard\libc_nano.a
END GROUP
START GROUP
LOAD D:/ST/STM32CubeIDE_1.14.1/STM32CubeIDE/plugins/com.st.stm32cube.ide.mcu.externaltools.gnu-tools-for-stm32.12.3.rel1.win32_1.0.100.202403111256/tools/bin/../lib/gcc/arm-none-eabi/12.3.1/thumb/v7e-m+fp/hard\libgcc.a
LOAD D:/ST/STM32CubeIDE_1.14.1/STM32CubeIDE/plugins/com.st.stm32cube.ide.mcu.externaltools.gnu-tools-for-stm32.12.3.rel1.win32_1.0.100.202403111256/tools/bin/../lib/gcc/arm-none-eabi/12.3.1/../../../../arm-none-eabi/lib/thumb/v7e-m+fp/hard\libc_nano.a
LOAD D:/ST/STM32CubeIDE_1.14.1/STM32CubeIDE/plugins/com.st.stm32cube.ide.mcu.externaltools.gnu-tools-for-stm32.12.3.rel1.win32_1.0.100.202403111256/tools/bin/../lib/gcc/arm-none-eabi/12.3.1/../../../../arm-none-eabi/lib/thumb/v7e-m+fp/hard\libnosys.a
END GROUP
START GROUP
LOAD D:/ST/STM32CubeIDE_1.14.1/STM32CubeIDE/plugins/com.st.stm32cube.ide.mcu.externaltools.gnu-tools-for-stm32.12.3.rel1.win32_1.0.100.202403111256/tools/bin/../lib/gcc/arm-none-eabi/12.3.1/thumb/v7e-m+fp/hard\libgcc.a
LOAD D:/ST/STM32CubeIDE_1.14.1/STM32CubeIDE/plugins/com.st.stm32cube.ide.mcu.externaltools.gnu-tools-for-stm32.12.3.rel1.win32_1.0.100.202403111256/tools/bin/../lib/gcc/arm-none-eabi/12.3.1/../../../../arm-none-eabi/lib/thumb/v7e-m+fp/hard\libc_nano.a
LOAD D:/ST/STM32CubeIDE_1.14.1/STM32CubeIDE/plugins/com.st.stm32cube.ide.mcu.externaltools.gnu-tools-for-stm32.12.3.rel1.win32_1.0.100.202403111256/tools/bin/../lib/gcc/arm-none-eabi/12.3.1/../../../../arm-none-eabi/lib/thumb/v7e-m+fp/hard\libnosys.a
END GROUP
LOAD D:/ST/STM32CubeIDE_1.14.1/STM32CubeIDE/plugins/com.st.stm32cube.ide.mcu.externaltools.gnu-tools-for-stm32.12.3.rel1.win32_1.0.100.202403111256/tools/bin/../lib/gcc/arm-none-eabi/12.3.1/thumb/v7e-m+fp/hard/crtend.o
LOAD D:/ST/STM32CubeIDE_1.14.1/STM32CubeIDE/plugins/com.st.stm32cube.ide.mcu.externaltools.gnu-tools-for-stm32.12.3.rel1.win32_1.0.100.202403111256/tools/bin/../lib/gcc/arm-none-eabi/12.3.1/thumb/v7e-m+fp/hard/crtn.o
                0x20008000                        _estack = (ORIGIN (RAM) + LENGTH (RAM))
                0x00000200                        _Min_Heap_Size = 0x200
                0x00000400                        _Min_Stack_Size = 0x400

.isr_vector     0x08000000      0x1d8
                0x08000000                        . = ALIGN (0x4)
 *(.isr_vector)
 .isr_vector    0x08000000      0x1d8 ./Core/Startup/startup_stm32g431cbux.o
                0x08000000                g_pfnVectors
                0x080001d8                        . = ALIGN (0x4)

.text           0x080001d8     0xbc34
                0x080001d8                        . = ALIGN (0x4)
 *(.text)
 .text          0x080001d8       0x40 D:/ST/STM32CubeIDE_1.14.1/STM32CubeIDE/plugins/com.st.stm32cube.ide.mcu.externaltools.gnu-tools-for-stm32.12.3.rel1.win32_1.0.100.202403111256/tools/bin/../lib/gcc/arm-none-eabi/12.3.1/thumb/v7e-m+fp/hard/crtbegin.o
 .text          0x08000218      0x378 D:/ST/STM32CubeIDE_1.14.1/STM32CubeIDE/plugins/com.st.stm32cube.ide.mcu.externaltools.gnu-tools-for-stm32.12.3.rel1.win32_1.0.100.202403111256/tools/bin/../lib/gcc/arm-none-eabi/12.3.1/thumb/v7e-m+fp/hard\libgcc.a(_arm_addsubdf3.o)
                0x08000218                __aeabi_drsub
                0x08000220                __aeabi_dsub
                0x08000220                __subdf3
                0x08000224                __aeabi_dadd
                0x08000224                __adddf3
                0x0800049c                __floatunsidf
                0x0800049c                __aeabi_ui2d
                0x080004bc                __floatsidf
                0x080004bc                __aeabi_i2d
                0x080004e0                __aeabi_f2d
                0x080004e0                __extendsfdf2
                0x08000524                __floatundidf
                0x08000524                __aeabi_ul2d
                0x08000534                __floatdidf
                0x08000534                __aeabi_l2d
 .text          0x08000590      0x424 D:/ST/STM32CubeIDE_1.14.1/STM32CubeIDE/plugins/com.st.stm32cube.ide.mcu.externaltools.gnu-tools-for-stm32.12.3.rel1.win32_1.0.100.202403111256/tools/bin/../lib/gcc/arm-none-eabi/12.3.1/thumb/v7e-m+fp/hard\libgcc.a(_arm_muldivdf3.o)
                0x08000590                __aeabi_dmul
                0x08000590                __muldf3
                0x080007e4                __divdf3
                0x080007e4                __aeabi_ddiv
 .text          0x080009b4       0x40 D:/ST/STM32CubeIDE_1.14.1/STM32CubeIDE/plugins/com.st.stm32cube.ide.mcu.externaltools.gnu-tools-for-stm32.12.3.rel1.win32_1.0.100.202403111256/tools/bin/../lib/gcc/arm-none-eabi/12.3.1/thumb/v7e-m+fp/hard\libgcc.a(_arm_fixunsdfsi.o)
                0x080009b4                __aeabi_d2uiz
                0x080009b4                __fixunsdfsi
 .text          0x080009f4       0xa0 D:/ST/STM32CubeIDE_1.14.1/STM32CubeIDE/plugins/com.st.stm32cube.ide.mcu.externaltools.gnu-tools-for-stm32.12.3.rel1.win32_1.0.100.202403111256/tools/bin/../lib/gcc/arm-none-eabi/12.3.1/thumb/v7e-m+fp/hard\libgcc.a(_arm_truncdfsf2.o)
                0x080009f4                __truncdfsf2
                0x080009f4                __aeabi_d2f
 .text          0x08000a94       0x30 D:/ST/STM32CubeIDE_1.14.1/STM32CubeIDE/plugins/com.st.stm32cube.ide.mcu.externaltools.gnu-tools-for-stm32.12.3.rel1.win32_1.0.100.202403111256/tools/bin/../lib/gcc/arm-none-eabi/12.3.1/thumb/v7e-m+fp/hard\libgcc.a(_aeabi_uldivmod.o)
                0x08000a94                __aeabi_uldivmod
 .text          0x08000ac4      0x2bc D:/ST/STM32CubeIDE_1.14.1/STM32CubeIDE/plugins/com.st.stm32cube.ide.mcu.externaltools.gnu-tools-for-stm32.12.3.rel1.win32_1.0.100.202403111256/tools/bin/../lib/gcc/arm-none-eabi/12.3.1/thumb/v7e-m+fp/hard\libgcc.a(_udivmoddi4.o)
                0x08000ac4                __udivmoddi4
 .text          0x08000d80        0x4 D:/ST/STM32CubeIDE_1.14.1/STM32CubeIDE/plugins/com.st.stm32cube.ide.mcu.externaltools.gnu-tools-for-stm32.12.3.rel1.win32_1.0.100.202403111256/tools/bin/../lib/gcc/arm-none-eabi/12.3.1/thumb/v7e-m+fp/hard\libgcc.a(_dvmd_tls.o)
                0x08000d80                __aeabi_idiv0
                0x08000d80                __aeabi_ldiv0
 *(.text*)
 .text.MX_ADC1_Init
                0x08000d84      0x174 ./Core/Src/adc.o
                0x08000d84                MX_ADC1_Init
 .text.MX_ADC2_Init
                0x08000ef8      0x130 ./Core/Src/adc.o
                0x08000ef8                MX_ADC2_Init
 .text.HAL_ADC_MspInit
                0x08001028      0x1a0 ./Core/Src/adc.o
                0x08001028                HAL_ADC_MspInit
 .text.MX_COMP1_Init
                0x080011c8       0x4c ./Core/Src/comp.o
                0x080011c8                MX_COMP1_Init
 .text.HAL_COMP_MspInit
                0x08001214       0x78 ./Core/Src/comp.o
                0x08001214                HAL_COMP_MspInit
 .text.MX_DAC1_Init
                0x0800128c       0x74 ./Core/Src/dac.o
                0x0800128c                MX_DAC1_Init
 .text.MX_DAC3_Init
                0x08001300       0x74 ./Core/Src/dac.o
                0x08001300                MX_DAC3_Init
 .text.HAL_DAC_MspInit
                0x08001374       0xa4 ./Core/Src/dac.o
                0x08001374                HAL_DAC_MspInit
 .text.MX_DMA_Init
                0x08001418       0x54 ./Core/Src/dma.o
                0x08001418                MX_DMA_Init
 .text.MX_FDCAN1_Init
                0x0800146c       0x8c ./Core/Src/fdcan.o
                0x0800146c                MX_FDCAN1_Init
 .text.HAL_FDCAN_MspInit
                0x080014f8       0xc4 ./Core/Src/fdcan.o
                0x080014f8                HAL_FDCAN_MspInit
 .text.MX_GPIO_Init
                0x080015bc       0xd8 ./Core/Src/gpio.o
                0x080015bc                MX_GPIO_Init
 .text.main     0x08001694      0x10c ./Core/Src/main.o
                0x08001694                main
 .text.SystemClock_Config
                0x080017a0       0x92 ./Core/Src/main.o
                0x080017a0                SystemClock_Config
 .text.Error_Handler
                0x08001832        0xc ./Core/Src/main.o
                0x08001832                Error_Handler
 *fill*         0x0800183e        0x2 
 .text.MX_OPAMP1_Init
                0x08001840       0x50 ./Core/Src/opamp.o
                0x08001840                MX_OPAMP1_Init
 .text.MX_OPAMP2_Init
                0x08001890       0x50 ./Core/Src/opamp.o
                0x08001890                MX_OPAMP2_Init
 .text.MX_OPAMP3_Init
                0x080018e0       0x50 ./Core/Src/opamp.o
                0x080018e0                MX_OPAMP3_Init
 .text.HAL_OPAMP_MspInit
                0x08001930       0xec ./Core/Src/opamp.o
                0x08001930                HAL_OPAMP_MspInit
 .text.HAL_MspInit
                0x08001a1c       0x48 ./Core/Src/stm32g4xx_hal_msp.o
                0x08001a1c                HAL_MspInit
 .text.NMI_Handler
                0x08001a64        0x8 ./Core/Src/stm32g4xx_it.o
                0x08001a64                NMI_Handler
 .text.HardFault_Handler
                0x08001a6c        0x8 ./Core/Src/stm32g4xx_it.o
                0x08001a6c                HardFault_Handler
 .text.MemManage_Handler
                0x08001a74        0x8 ./Core/Src/stm32g4xx_it.o
                0x08001a74                MemManage_Handler
 .text.BusFault_Handler
                0x08001a7c        0x8 ./Core/Src/stm32g4xx_it.o
                0x08001a7c                BusFault_Handler
 .text.UsageFault_Handler
                0x08001a84        0x8 ./Core/Src/stm32g4xx_it.o
                0x08001a84                UsageFault_Handler
 .text.SVC_Handler
                0x08001a8c        0xe ./Core/Src/stm32g4xx_it.o
                0x08001a8c                SVC_Handler
 .text.DebugMon_Handler
                0x08001a9a        0xe ./Core/Src/stm32g4xx_it.o
                0x08001a9a                DebugMon_Handler
 .text.PendSV_Handler
                0x08001aa8        0xe ./Core/Src/stm32g4xx_it.o
                0x08001aa8                PendSV_Handler
 .text.SysTick_Handler
                0x08001ab6        0xc ./Core/Src/stm32g4xx_it.o
                0x08001ab6                SysTick_Handler
 *fill*         0x08001ac2        0x2 
 .text.DMA1_Channel1_IRQHandler
                0x08001ac4       0x14 ./Core/Src/stm32g4xx_it.o
                0x08001ac4                DMA1_Channel1_IRQHandler
 .text.ADC1_2_IRQHandler
                0x08001ad8       0x1c ./Core/Src/stm32g4xx_it.o
                0x08001ad8                ADC1_2_IRQHandler
 .text.FDCAN1_IT0_IRQHandler
                0x08001af4       0x28 ./Core/Src/stm32g4xx_it.o
                0x08001af4                FDCAN1_IT0_IRQHandler
 .text.TIM1_BRK_TIM15_IRQHandler
                0x08001b1c       0x14 ./Core/Src/stm32g4xx_it.o
                0x08001b1c                TIM1_BRK_TIM15_IRQHandler
 .text.TIM1_UP_TIM16_IRQHandler
                0x08001b30       0x14 ./Core/Src/stm32g4xx_it.o
                0x08001b30                TIM1_UP_TIM16_IRQHandler
 .text.TIM1_CC_IRQHandler
                0x08001b44       0x14 ./Core/Src/stm32g4xx_it.o
                0x08001b44                TIM1_CC_IRQHandler
 .text.TIM4_IRQHandler
                0x08001b58       0x14 ./Core/Src/stm32g4xx_it.o
                0x08001b58                TIM4_IRQHandler
 .text.USART3_IRQHandler
                0x08001b6c       0x14 ./Core/Src/stm32g4xx_it.o
                0x08001b6c                USART3_IRQHandler
 .text.EXTI15_10_IRQHandler
                0x08001b80       0x20 ./Core/Src/stm32g4xx_it.o
                0x08001b80                EXTI15_10_IRQHandler
 .text.COMP1_2_3_IRQHandler
                0x08001ba0       0x14 ./Core/Src/stm32g4xx_it.o
                0x08001ba0                COMP1_2_3_IRQHandler
 .text.SystemInit
                0x08001bb4       0x24 ./Core/Src/system_stm32g4xx.o
                0x08001bb4                SystemInit
 .text.MX_TIM1_Init
                0x08001bd8      0x1e8 ./Core/Src/tim.o
                0x08001bd8                MX_TIM1_Init
 .text.MX_TIM4_Init
                0x08001dc0       0xd0 ./Core/Src/tim.o
                0x08001dc0                MX_TIM4_Init
 .text.HAL_TIM_Base_MspInit
                0x08001e90       0xf0 ./Core/Src/tim.o
                0x08001e90                HAL_TIM_Base_MspInit
 .text.HAL_TIM_MspPostInit
                0x08001f80       0xd0 ./Core/Src/tim.o
                0x08001f80                HAL_TIM_MspPostInit
 .text.MX_USART3_UART_Init
                0x08002050       0x98 ./Core/Src/usart.o
                0x08002050                MX_USART3_UART_Init
 .text.HAL_UART_MspInit
                0x080020e8      0x11c ./Core/Src/usart.o
                0x080020e8                HAL_UART_MspInit
 .text.Reset_Handler
                0x08002204       0x50 ./Core/Startup/startup_stm32g431cbux.o
                0x08002204                Reset_Handler
 .text.Default_Handler
                0x08002254        0x2 ./Core/Startup/startup_stm32g431cbux.o
                0x08002254                RTC_Alarm_IRQHandler
                0x08002254                EXTI2_IRQHandler
                0x08002254                TIM8_TRG_COM_IRQHandler
                0x08002254                TIM8_CC_IRQHandler
                0x08002254                USB_HP_IRQHandler
                0x08002254                CORDIC_IRQHandler
                0x08002254                EXTI3_IRQHandler
                0x08002254                I2C3_ER_IRQHandler
                0x08002254                EXTI0_IRQHandler
                0x08002254                I2C2_EV_IRQHandler
                0x08002254                FPU_IRQHandler
                0x08002254                FDCAN1_IT1_IRQHandler
                0x08002254                SPI1_IRQHandler
                0x08002254                TIM6_DAC_IRQHandler
                0x08002254                TIM8_UP_IRQHandler
                0x08002254                DMA2_Channel2_IRQHandler
                0x08002254                DMA1_Channel4_IRQHandler
                0x08002254                DMA2_Channel1_IRQHandler
                0x08002254                I2C1_EV_IRQHandler
                0x08002254                DMA1_Channel6_IRQHandler
                0x08002254                UART4_IRQHandler
                0x08002254                DMA2_Channel4_IRQHandler
                0x08002254                TIM3_IRQHandler
                0x08002254                RCC_IRQHandler
                0x08002254                Default_Handler
                0x08002254                RTC_TAMP_LSECSS_IRQHandler
                0x08002254                FMAC_IRQHandler
                0x08002254                TIM7_IRQHandler
                0x08002254                UCPD1_IRQHandler
                0x08002254                I2C3_EV_IRQHandler
                0x08002254                EXTI9_5_IRQHandler
                0x08002254                RTC_WKUP_IRQHandler
                0x08002254                PVD_PVM_IRQHandler
                0x08002254                SPI2_IRQHandler
                0x08002254                DMA2_Channel5_IRQHandler
                0x08002254                CRS_IRQHandler
                0x08002254                DMA1_Channel5_IRQHandler
                0x08002254                USB_LP_IRQHandler
                0x08002254                EXTI4_IRQHandler
                0x08002254                RNG_IRQHandler
                0x08002254                TIM1_TRG_COM_TIM17_IRQHandler
                0x08002254                DMA1_Channel3_IRQHandler
                0x08002254                WWDG_IRQHandler
                0x08002254                LPUART1_IRQHandler
                0x08002254                DMA2_Channel6_IRQHandler
                0x08002254                TIM2_IRQHandler
                0x08002254                EXTI1_IRQHandler
                0x08002254                USART2_IRQHandler
                0x08002254                I2C2_ER_IRQHandler
                0x08002254                DMA1_Channel2_IRQHandler
                0x08002254                TIM8_BRK_IRQHandler
                0x08002254                FLASH_IRQHandler
                0x08002254                USART1_IRQHandler
                0x08002254                SPI3_IRQHandler
                0x08002254                I2C1_ER_IRQHandler
                0x08002254                LPTIM1_IRQHandler
                0x08002254                DMAMUX_OVR_IRQHandler
                0x08002254                USBWakeUp_IRQHandler
                0x08002254                SAI1_IRQHandler
                0x08002254                DMA2_Channel3_IRQHandler
                0x08002254                COMP4_IRQHandler
 .text.HAL_Init
                0x08002256       0x30 ./Drivers/STM32G4xx_HAL_Driver/Src/stm32g4xx_hal.o
                0x08002256                HAL_Init
 *fill*         0x08002286        0x2 
 .text.HAL_InitTick
                0x08002288       0x74 ./Drivers/STM32G4xx_HAL_Driver/Src/stm32g4xx_hal.o
                0x08002288                HAL_InitTick
 .text.HAL_IncTick
                0x080022fc       0x24 ./Drivers/STM32G4xx_HAL_Driver/Src/stm32g4xx_hal.o
                0x080022fc                HAL_IncTick
 .text.HAL_GetTick
                0x08002320       0x18 ./Drivers/STM32G4xx_HAL_Driver/Src/stm32g4xx_hal.o
                0x08002320                HAL_GetTick
 .text.LL_ADC_SetCommonClock
                0x08002338       0x26 ./Drivers/STM32G4xx_HAL_Driver/Src/stm32g4xx_hal_adc.o
 .text.LL_ADC_SetCommonPathInternalCh
                0x0800235e       0x26 ./Drivers/STM32G4xx_HAL_Driver/Src/stm32g4xx_hal_adc.o
 .text.LL_ADC_GetCommonPathInternalCh
                0x08002384       0x1c ./Drivers/STM32G4xx_HAL_Driver/Src/stm32g4xx_hal_adc.o
 .text.LL_ADC_SetOffset
                0x080023a0       0x48 ./Drivers/STM32G4xx_HAL_Driver/Src/stm32g4xx_hal_adc.o
 .text.LL_ADC_GetOffsetChannel
                0x080023e8       0x2c ./Drivers/STM32G4xx_HAL_Driver/Src/stm32g4xx_hal_adc.o
 .text.LL_ADC_SetOffsetState
                0x08002414       0x36 ./Drivers/STM32G4xx_HAL_Driver/Src/stm32g4xx_hal_adc.o
 .text.LL_ADC_SetOffsetSign
                0x0800244a       0x36 ./Drivers/STM32G4xx_HAL_Driver/Src/stm32g4xx_hal_adc.o
 .text.LL_ADC_SetOffsetSaturation
                0x08002480       0x36 ./Drivers/STM32G4xx_HAL_Driver/Src/stm32g4xx_hal_adc.o
 .text.LL_ADC_SetSamplingTimeCommonConfig
                0x080024b6       0x26 ./Drivers/STM32G4xx_HAL_Driver/Src/stm32g4xx_hal_adc.o
 .text.LL_ADC_REG_IsTriggerSourceSWStart
                0x080024dc       0x26 ./Drivers/STM32G4xx_HAL_Driver/Src/stm32g4xx_hal_adc.o
 .text.LL_ADC_REG_SetSequencerRanks
                0x08002502       0x58 ./Drivers/STM32G4xx_HAL_Driver/Src/stm32g4xx_hal_adc.o
 .text.LL_ADC_INJ_IsTriggerSourceSWStart
                0x0800255a       0x26 ./Drivers/STM32G4xx_HAL_Driver/Src/stm32g4xx_hal_adc.o
 .text.LL_ADC_SetChannelSamplingTime
                0x08002580       0x56 ./Drivers/STM32G4xx_HAL_Driver/Src/stm32g4xx_hal_adc.o
 *fill*         0x080025d6        0x2 
 .text.LL_ADC_SetChannelSingleDiff
                0x080025d8       0x48 ./Drivers/STM32G4xx_HAL_Driver/Src/stm32g4xx_hal_adc.o
 .text.LL_ADC_GetMultimode
                0x08002620       0x1c ./Drivers/STM32G4xx_HAL_Driver/Src/stm32g4xx_hal_adc.o
 .text.LL_ADC_GetMultiDMATransfer
                0x0800263c       0x1c ./Drivers/STM32G4xx_HAL_Driver/Src/stm32g4xx_hal_adc.o
 .text.LL_ADC_DisableDeepPowerDown
                0x08002658       0x24 ./Drivers/STM32G4xx_HAL_Driver/Src/stm32g4xx_hal_adc.o
 .text.LL_ADC_IsDeepPowerDownEnabled
                0x0800267c       0x28 ./Drivers/STM32G4xx_HAL_Driver/Src/stm32g4xx_hal_adc.o
 .text.LL_ADC_EnableInternalRegulator
                0x080026a4       0x28 ./Drivers/STM32G4xx_HAL_Driver/Src/stm32g4xx_hal_adc.o
 .text.LL_ADC_IsInternalRegulatorEnabled
                0x080026cc       0x28 ./Drivers/STM32G4xx_HAL_Driver/Src/stm32g4xx_hal_adc.o
 .text.LL_ADC_Enable
                0x080026f4       0x28 ./Drivers/STM32G4xx_HAL_Driver/Src/stm32g4xx_hal_adc.o
 .text.LL_ADC_Disable
                0x0800271c       0x28 ./Drivers/STM32G4xx_HAL_Driver/Src/stm32g4xx_hal_adc.o
 .text.LL_ADC_IsEnabled
                0x08002744       0x26 ./Drivers/STM32G4xx_HAL_Driver/Src/stm32g4xx_hal_adc.o
 .text.LL_ADC_IsDisableOngoing
                0x0800276a       0x26 ./Drivers/STM32G4xx_HAL_Driver/Src/stm32g4xx_hal_adc.o
 .text.LL_ADC_REG_IsConversionOngoing
                0x08002790       0x26 ./Drivers/STM32G4xx_HAL_Driver/Src/stm32g4xx_hal_adc.o
 .text.LL_ADC_INJ_IsConversionOngoing
                0x080027b6       0x26 ./Drivers/STM32G4xx_HAL_Driver/Src/stm32g4xx_hal_adc.o
 .text.HAL_ADC_Init
                0x080027dc      0x308 ./Drivers/STM32G4xx_HAL_Driver/Src/stm32g4xx_hal_adc.o
                0x080027dc                HAL_ADC_Init
 .text.HAL_ADC_IRQHandler
                0x08002ae4      0x434 ./Drivers/STM32G4xx_HAL_Driver/Src/stm32g4xx_hal_adc.o
                0x08002ae4                HAL_ADC_IRQHandler
 .text.HAL_ADC_ConvCpltCallback
                0x08002f18       0x14 ./Drivers/STM32G4xx_HAL_Driver/Src/stm32g4xx_hal_adc.o
                0x08002f18                HAL_ADC_ConvCpltCallback
 .text.HAL_ADC_LevelOutOfWindowCallback
                0x08002f2c       0x14 ./Drivers/STM32G4xx_HAL_Driver/Src/stm32g4xx_hal_adc.o
                0x08002f2c                HAL_ADC_LevelOutOfWindowCallback
 .text.HAL_ADC_ErrorCallback
                0x08002f40       0x14 ./Drivers/STM32G4xx_HAL_Driver/Src/stm32g4xx_hal_adc.o
                0x08002f40                HAL_ADC_ErrorCallback
 .text.HAL_ADC_ConfigChannel
                0x08002f54      0x7e0 ./Drivers/STM32G4xx_HAL_Driver/Src/stm32g4xx_hal_adc.o
                0x08002f54                HAL_ADC_ConfigChannel
 .text.ADC_Enable
                0x08003734      0x10c ./Drivers/STM32G4xx_HAL_Driver/Src/stm32g4xx_hal_adc.o
                0x08003734                ADC_Enable
 .text.ADC_Disable
                0x08003840       0xbe ./Drivers/STM32G4xx_HAL_Driver/Src/stm32g4xx_hal_adc.o
                0x08003840                ADC_Disable
 .text.LL_ADC_SetCommonPathInternalCh
                0x080038fe       0x26 ./Drivers/STM32G4xx_HAL_Driver/Src/stm32g4xx_hal_adc_ex.o
 .text.LL_ADC_GetCommonPathInternalCh
                0x08003924       0x1c ./Drivers/STM32G4xx_HAL_Driver/Src/stm32g4xx_hal_adc_ex.o
 .text.LL_ADC_SetOffset
                0x08003940       0x48 ./Drivers/STM32G4xx_HAL_Driver/Src/stm32g4xx_hal_adc_ex.o
 .text.LL_ADC_GetOffsetChannel
                0x08003988       0x2c ./Drivers/STM32G4xx_HAL_Driver/Src/stm32g4xx_hal_adc_ex.o
 .text.LL_ADC_SetOffsetState
                0x080039b4       0x36 ./Drivers/STM32G4xx_HAL_Driver/Src/stm32g4xx_hal_adc_ex.o
 .text.LL_ADC_SetOffsetSign
                0x080039ea       0x36 ./Drivers/STM32G4xx_HAL_Driver/Src/stm32g4xx_hal_adc_ex.o
 .text.LL_ADC_SetOffsetSaturation
                0x08003a20       0x36 ./Drivers/STM32G4xx_HAL_Driver/Src/stm32g4xx_hal_adc_ex.o
 .text.LL_ADC_SetSamplingTimeCommonConfig
                0x08003a56       0x26 ./Drivers/STM32G4xx_HAL_Driver/Src/stm32g4xx_hal_adc_ex.o
 .text.LL_ADC_INJ_GetTrigAuto
                0x08003a7c       0x1c ./Drivers/STM32G4xx_HAL_Driver/Src/stm32g4xx_hal_adc_ex.o
 .text.LL_ADC_SetChannelSamplingTime
                0x08003a98       0x56 ./Drivers/STM32G4xx_HAL_Driver/Src/stm32g4xx_hal_adc_ex.o
 *fill*         0x08003aee        0x2 
 .text.LL_ADC_SetChannelSingleDiff
                0x08003af0       0x48 ./Drivers/STM32G4xx_HAL_Driver/Src/stm32g4xx_hal_adc_ex.o
 .text.LL_ADC_GetMultimode
                0x08003b38       0x1c ./Drivers/STM32G4xx_HAL_Driver/Src/stm32g4xx_hal_adc_ex.o
 .text.LL_ADC_IsEnabled
                0x08003b54       0x26 ./Drivers/STM32G4xx_HAL_Driver/Src/stm32g4xx_hal_adc_ex.o
 .text.LL_ADC_StartCalibration
                0x08003b7a       0x32 ./Drivers/STM32G4xx_HAL_Driver/Src/stm32g4xx_hal_adc_ex.o
 .text.LL_ADC_IsCalibrationOnGoing
                0x08003bac       0x28 ./Drivers/STM32G4xx_HAL_Driver/Src/stm32g4xx_hal_adc_ex.o
 .text.LL_ADC_REG_IsConversionOngoing
                0x08003bd4       0x26 ./Drivers/STM32G4xx_HAL_Driver/Src/stm32g4xx_hal_adc_ex.o
 .text.LL_ADC_INJ_StartConversion
                0x08003bfa       0x28 ./Drivers/STM32G4xx_HAL_Driver/Src/stm32g4xx_hal_adc_ex.o
 .text.LL_ADC_INJ_IsConversionOngoing
                0x08003c22       0x26 ./Drivers/STM32G4xx_HAL_Driver/Src/stm32g4xx_hal_adc_ex.o
 .text.HAL_ADCEx_Calibration_Start
                0x08003c48       0xc4 ./Drivers/STM32G4xx_HAL_Driver/Src/stm32g4xx_hal_adc_ex.o
                0x08003c48                HAL_ADCEx_Calibration_Start
 .text.HAL_ADCEx_InjectedStart
                0x08003d0c      0x160 ./Drivers/STM32G4xx_HAL_Driver/Src/stm32g4xx_hal_adc_ex.o
                0x08003d0c                HAL_ADCEx_InjectedStart
 .text.HAL_ADCEx_InjectedStart_IT
                0x08003e6c      0x1cc ./Drivers/STM32G4xx_HAL_Driver/Src/stm32g4xx_hal_adc_ex.o
                0x08003e6c                HAL_ADCEx_InjectedStart_IT
 .text.HAL_ADCEx_InjectedQueueOverflowCallback
                0x08004038       0x14 ./Drivers/STM32G4xx_HAL_Driver/Src/stm32g4xx_hal_adc_ex.o
                0x08004038                HAL_ADCEx_InjectedQueueOverflowCallback
 .text.HAL_ADCEx_LevelOutOfWindow2Callback
                0x0800404c       0x14 ./Drivers/STM32G4xx_HAL_Driver/Src/stm32g4xx_hal_adc_ex.o
                0x0800404c                HAL_ADCEx_LevelOutOfWindow2Callback
 .text.HAL_ADCEx_LevelOutOfWindow3Callback
                0x08004060       0x14 ./Drivers/STM32G4xx_HAL_Driver/Src/stm32g4xx_hal_adc_ex.o
                0x08004060                HAL_ADCEx_LevelOutOfWindow3Callback
 .text.HAL_ADCEx_EndOfSamplingCallback
                0x08004074       0x14 ./Drivers/STM32G4xx_HAL_Driver/Src/stm32g4xx_hal_adc_ex.o
                0x08004074                HAL_ADCEx_EndOfSamplingCallback
 .text.HAL_ADCEx_InjectedConfigChannel
                0x08004088      0x9c0 ./Drivers/STM32G4xx_HAL_Driver/Src/stm32g4xx_hal_adc_ex.o
                0x08004088                HAL_ADCEx_InjectedConfigChannel
 .text.HAL_ADCEx_MultiModeConfigChannel
                0x08004a48      0x148 ./Drivers/STM32G4xx_HAL_Driver/Src/stm32g4xx_hal_adc_ex.o
                0x08004a48                HAL_ADCEx_MultiModeConfigChannel
 .text.LL_EXTI_EnableIT_0_31
                0x08004b90       0x24 ./Drivers/STM32G4xx_HAL_Driver/Src/stm32g4xx_hal_comp.o
 .text.LL_EXTI_DisableIT_0_31
                0x08004bb4       0x28 ./Drivers/STM32G4xx_HAL_Driver/Src/stm32g4xx_hal_comp.o
 .text.LL_EXTI_EnableEvent_0_31
                0x08004bdc       0x24 ./Drivers/STM32G4xx_HAL_Driver/Src/stm32g4xx_hal_comp.o
 .text.LL_EXTI_DisableEvent_0_31
                0x08004c00       0x28 ./Drivers/STM32G4xx_HAL_Driver/Src/stm32g4xx_hal_comp.o
 .text.LL_EXTI_EnableRisingTrig_0_31
                0x08004c28       0x24 ./Drivers/STM32G4xx_HAL_Driver/Src/stm32g4xx_hal_comp.o
 .text.LL_EXTI_DisableRisingTrig_0_31
                0x08004c4c       0x28 ./Drivers/STM32G4xx_HAL_Driver/Src/stm32g4xx_hal_comp.o
 .text.LL_EXTI_EnableFallingTrig_0_31
                0x08004c74       0x24 ./Drivers/STM32G4xx_HAL_Driver/Src/stm32g4xx_hal_comp.o
 .text.LL_EXTI_DisableFallingTrig_0_31
                0x08004c98       0x28 ./Drivers/STM32G4xx_HAL_Driver/Src/stm32g4xx_hal_comp.o
 .text.LL_EXTI_IsActiveFlag_0_31
                0x08004cc0       0x2c ./Drivers/STM32G4xx_HAL_Driver/Src/stm32g4xx_hal_comp.o
 .text.LL_EXTI_ClearFlag_0_31
                0x08004cec       0x20 ./Drivers/STM32G4xx_HAL_Driver/Src/stm32g4xx_hal_comp.o
 .text.HAL_COMP_Init
                0x08004d0c      0x1b8 ./Drivers/STM32G4xx_HAL_Driver/Src/stm32g4xx_hal_comp.o
                0x08004d0c                HAL_COMP_Init
 .text.HAL_COMP_Start
                0x08004ec4       0x90 ./Drivers/STM32G4xx_HAL_Driver/Src/stm32g4xx_hal_comp.o
                0x08004ec4                HAL_COMP_Start
 .text.HAL_COMP_IRQHandler
                0x08004f54       0x78 ./Drivers/STM32G4xx_HAL_Driver/Src/stm32g4xx_hal_comp.o
                0x08004f54                HAL_COMP_IRQHandler
 .text.HAL_COMP_TriggerCallback
                0x08004fcc       0x14 ./Drivers/STM32G4xx_HAL_Driver/Src/stm32g4xx_hal_comp.o
                0x08004fcc                HAL_COMP_TriggerCallback
 .text.__NVIC_SetPriorityGrouping
                0x08004fe0       0x48 ./Drivers/STM32G4xx_HAL_Driver/Src/stm32g4xx_hal_cortex.o
 .text.__NVIC_GetPriorityGrouping
                0x08005028       0x1c ./Drivers/STM32G4xx_HAL_Driver/Src/stm32g4xx_hal_cortex.o
 .text.__NVIC_EnableIRQ
                0x08005044       0x3c ./Drivers/STM32G4xx_HAL_Driver/Src/stm32g4xx_hal_cortex.o
 .text.__NVIC_SetPriority
                0x08005080       0x54 ./Drivers/STM32G4xx_HAL_Driver/Src/stm32g4xx_hal_cortex.o
 .text.NVIC_EncodePriority
                0x080050d4       0x66 ./Drivers/STM32G4xx_HAL_Driver/Src/stm32g4xx_hal_cortex.o
 *fill*         0x0800513a        0x2 
 .text.SysTick_Config
                0x0800513c       0x44 ./Drivers/STM32G4xx_HAL_Driver/Src/stm32g4xx_hal_cortex.o
 .text.HAL_NVIC_SetPriorityGrouping
                0x08005180       0x16 ./Drivers/STM32G4xx_HAL_Driver/Src/stm32g4xx_hal_cortex.o
                0x08005180                HAL_NVIC_SetPriorityGrouping
 .text.HAL_NVIC_SetPriority
                0x08005196       0x34 ./Drivers/STM32G4xx_HAL_Driver/Src/stm32g4xx_hal_cortex.o
                0x08005196                HAL_NVIC_SetPriority
 .text.HAL_NVIC_EnableIRQ
                0x080051ca       0x1c ./Drivers/STM32G4xx_HAL_Driver/Src/stm32g4xx_hal_cortex.o
                0x080051ca                HAL_NVIC_EnableIRQ
 .text.HAL_SYSTICK_Config
                0x080051e6       0x18 ./Drivers/STM32G4xx_HAL_Driver/Src/stm32g4xx_hal_cortex.o
                0x080051e6                HAL_SYSTICK_Config
 .text.HAL_DAC_Init
                0x080051fe       0x44 ./Drivers/STM32G4xx_HAL_Driver/Src/stm32g4xx_hal_dac.o
                0x080051fe                HAL_DAC_Init
 *fill*         0x08005242        0x2 
 .text.HAL_DAC_Start
                0x08005244       0xd8 ./Drivers/STM32G4xx_HAL_Driver/Src/stm32g4xx_hal_dac.o
                0x08005244                HAL_DAC_Start
 .text.HAL_DAC_SetValue
                0x0800531c       0x5a ./Drivers/STM32G4xx_HAL_Driver/Src/stm32g4xx_hal_dac.o
                0x0800531c                HAL_DAC_SetValue
 *fill*         0x08005376        0x2 
 .text.HAL_DAC_ConfigChannel
                0x08005378      0x370 ./Drivers/STM32G4xx_HAL_Driver/Src/stm32g4xx_hal_dac.o
                0x08005378                HAL_DAC_ConfigChannel
 .text.HAL_DMA_Init
                0x080056e8      0x150 ./Drivers/STM32G4xx_HAL_Driver/Src/stm32g4xx_hal_dma.o
                0x080056e8                HAL_DMA_Init
 .text.HAL_DMA_Start_IT
                0x08005838       0xf6 ./Drivers/STM32G4xx_HAL_Driver/Src/stm32g4xx_hal_dma.o
                0x08005838                HAL_DMA_Start_IT
 .text.HAL_DMA_Abort
                0x0800592e       0xb2 ./Drivers/STM32G4xx_HAL_Driver/Src/stm32g4xx_hal_dma.o
                0x0800592e                HAL_DMA_Abort
 .text.HAL_DMA_Abort_IT
                0x080059e0       0xce ./Drivers/STM32G4xx_HAL_Driver/Src/stm32g4xx_hal_dma.o
                0x080059e0                HAL_DMA_Abort_IT
 .text.HAL_DMA_IRQHandler
                0x08005aae      0x15e ./Drivers/STM32G4xx_HAL_Driver/Src/stm32g4xx_hal_dma.o
                0x08005aae                HAL_DMA_IRQHandler
 .text.DMA_SetConfig
                0x08005c0c       0x7c ./Drivers/STM32G4xx_HAL_Driver/Src/stm32g4xx_hal_dma.o
 .text.DMA_CalcDMAMUXChannelBaseAndMask
                0x08005c88       0x7c ./Drivers/STM32G4xx_HAL_Driver/Src/stm32g4xx_hal_dma.o
 .text.DMA_CalcDMAMUXRequestGenBaseAndMask
                0x08005d04       0x48 ./Drivers/STM32G4xx_HAL_Driver/Src/stm32g4xx_hal_dma.o
 .text.HAL_FDCAN_Init
                0x08005d4c      0x2b4 ./Drivers/STM32G4xx_HAL_Driver/Src/stm32g4xx_hal_fdcan.o
                0x08005d4c                HAL_FDCAN_Init
 .text.HAL_FDCAN_GetRxMessage
                0x08006000      0x210 ./Drivers/STM32G4xx_HAL_Driver/Src/stm32g4xx_hal_fdcan.o
                0x08006000                HAL_FDCAN_GetRxMessage
 .text.HAL_FDCAN_IRQHandler
                0x08006210      0x24a ./Drivers/STM32G4xx_HAL_Driver/Src/stm32g4xx_hal_fdcan.o
                0x08006210                HAL_FDCAN_IRQHandler
 .text.HAL_FDCAN_TxEventFifoCallback
                0x0800645a       0x16 ./Drivers/STM32G4xx_HAL_Driver/Src/stm32g4xx_hal_fdcan.o
                0x0800645a                HAL_FDCAN_TxEventFifoCallback
 .text.HAL_FDCAN_RxFifo0Callback
                0x08006470       0x16 ./Drivers/STM32G4xx_HAL_Driver/Src/stm32g4xx_hal_fdcan.o
                0x08006470                HAL_FDCAN_RxFifo0Callback
 .text.HAL_FDCAN_RxFifo1Callback
                0x08006486       0x16 ./Drivers/STM32G4xx_HAL_Driver/Src/stm32g4xx_hal_fdcan.o
                0x08006486                HAL_FDCAN_RxFifo1Callback
 .text.HAL_FDCAN_TxFifoEmptyCallback
                0x0800649c       0x14 ./Drivers/STM32G4xx_HAL_Driver/Src/stm32g4xx_hal_fdcan.o
                0x0800649c                HAL_FDCAN_TxFifoEmptyCallback
 .text.HAL_FDCAN_TxBufferCompleteCallback
                0x080064b0       0x16 ./Drivers/STM32G4xx_HAL_Driver/Src/stm32g4xx_hal_fdcan.o
                0x080064b0                HAL_FDCAN_TxBufferCompleteCallback
 .text.HAL_FDCAN_TxBufferAbortCallback
                0x080064c6       0x16 ./Drivers/STM32G4xx_HAL_Driver/Src/stm32g4xx_hal_fdcan.o
                0x080064c6                HAL_FDCAN_TxBufferAbortCallback
 .text.HAL_FDCAN_TimestampWraparoundCallback
                0x080064dc       0x14 ./Drivers/STM32G4xx_HAL_Driver/Src/stm32g4xx_hal_fdcan.o
                0x080064dc                HAL_FDCAN_TimestampWraparoundCallback
 .text.HAL_FDCAN_TimeoutOccurredCallback
                0x080064f0       0x14 ./Drivers/STM32G4xx_HAL_Driver/Src/stm32g4xx_hal_fdcan.o
                0x080064f0                HAL_FDCAN_TimeoutOccurredCallback
 .text.HAL_FDCAN_HighPriorityMessageCallback
                0x08006504       0x14 ./Drivers/STM32G4xx_HAL_Driver/Src/stm32g4xx_hal_fdcan.o
                0x08006504                HAL_FDCAN_HighPriorityMessageCallback
 .text.HAL_FDCAN_ErrorCallback
                0x08006518       0x14 ./Drivers/STM32G4xx_HAL_Driver/Src/stm32g4xx_hal_fdcan.o
                0x08006518                HAL_FDCAN_ErrorCallback
 .text.HAL_FDCAN_ErrorStatusCallback
                0x0800652c       0x16 ./Drivers/STM32G4xx_HAL_Driver/Src/stm32g4xx_hal_fdcan.o
                0x0800652c                HAL_FDCAN_ErrorStatusCallback
 *fill*         0x08006542        0x2 
 .text.FDCAN_CalcultateRamBlockAddresses
                0x08006544       0xac ./Drivers/STM32G4xx_HAL_Driver/Src/stm32g4xx_hal_fdcan.o
 .text.HAL_GPIO_Init
                0x080065f0      0x304 ./Drivers/STM32G4xx_HAL_Driver/Src/stm32g4xx_hal_gpio.o
                0x080065f0                HAL_GPIO_Init
 .text.HAL_GPIO_WritePin
                0x080068f4       0x30 ./Drivers/STM32G4xx_HAL_Driver/Src/stm32g4xx_hal_gpio.o
                0x080068f4                HAL_GPIO_WritePin
 .text.HAL_GPIO_EXTI_IRQHandler
                0x08006924       0x30 ./Drivers/STM32G4xx_HAL_Driver/Src/stm32g4xx_hal_gpio.o
                0x08006924                HAL_GPIO_EXTI_IRQHandler
 .text.HAL_OPAMP_Init
                0x08006954      0x1a0 ./Drivers/STM32G4xx_HAL_Driver/Src/stm32g4xx_hal_opamp.o
                0x08006954                HAL_OPAMP_Init
 .text.HAL_OPAMP_Start
                0x08006af4       0x62 ./Drivers/STM32G4xx_HAL_Driver/Src/stm32g4xx_hal_opamp.o
                0x08006af4                HAL_OPAMP_Start
 *fill*         0x08006b56        0x2 
 .text.HAL_PWREx_ControlVoltageScaling
                0x08006b58      0x148 ./Drivers/STM32G4xx_HAL_Driver/Src/stm32g4xx_hal_pwr_ex.o
                0x08006b58                HAL_PWREx_ControlVoltageScaling
 .text.HAL_PWREx_DisableUCPDDeadBattery
                0x08006ca0       0x20 ./Drivers/STM32G4xx_HAL_Driver/Src/stm32g4xx_hal_pwr_ex.o
                0x08006ca0                HAL_PWREx_DisableUCPDDeadBattery
 .text.HAL_RCC_OscConfig
                0x08006cc0      0x624 ./Drivers/STM32G4xx_HAL_Driver/Src/stm32g4xx_hal_rcc.o
                0x08006cc0                HAL_RCC_OscConfig
 .text.HAL_RCC_ClockConfig
                0x080072e4      0x278 ./Drivers/STM32G4xx_HAL_Driver/Src/stm32g4xx_hal_rcc.o
                0x080072e4                HAL_RCC_ClockConfig
 .text.HAL_RCC_GetSysClockFreq
                0x0800755c       0xc4 ./Drivers/STM32G4xx_HAL_Driver/Src/stm32g4xx_hal_rcc.o
                0x0800755c                HAL_RCC_GetSysClockFreq
 .text.HAL_RCC_GetHCLKFreq
                0x08007620       0x18 ./Drivers/STM32G4xx_HAL_Driver/Src/stm32g4xx_hal_rcc.o
                0x08007620                HAL_RCC_GetHCLKFreq
 .text.HAL_RCC_GetPCLK1Freq
                0x08007638       0x2c ./Drivers/STM32G4xx_HAL_Driver/Src/stm32g4xx_hal_rcc.o
                0x08007638                HAL_RCC_GetPCLK1Freq
 .text.HAL_RCC_GetPCLK2Freq
                0x08007664       0x2c ./Drivers/STM32G4xx_HAL_Driver/Src/stm32g4xx_hal_rcc.o
                0x08007664                HAL_RCC_GetPCLK2Freq
 .text.RCC_GetSysClockFreqFromPLLSource
                0x08007690       0x8c ./Drivers/STM32G4xx_HAL_Driver/Src/stm32g4xx_hal_rcc.o
 .text.HAL_RCCEx_PeriphCLKConfig
                0x0800771c      0x3e0 ./Drivers/STM32G4xx_HAL_Driver/Src/stm32g4xx_hal_rcc_ex.o
                0x0800771c                HAL_RCCEx_PeriphCLKConfig
 .text.HAL_TIM_Base_Init
                0x08007afc       0xae ./Drivers/STM32G4xx_HAL_Driver/Src/stm32g4xx_hal_tim.o
                0x08007afc                HAL_TIM_Base_Init
 *fill*         0x08007baa        0x2 
 .text.HAL_TIM_Base_Start
                0x08007bac       0xc4 ./Drivers/STM32G4xx_HAL_Driver/Src/stm32g4xx_hal_tim.o
                0x08007bac                HAL_TIM_Base_Start
 .text.HAL_TIM_PWM_Init
                0x08007c70       0xae ./Drivers/STM32G4xx_HAL_Driver/Src/stm32g4xx_hal_tim.o
                0x08007c70                HAL_TIM_PWM_Init
 .text.HAL_TIM_PWM_MspInit
                0x08007d1e       0x14 ./Drivers/STM32G4xx_HAL_Driver/Src/stm32g4xx_hal_tim.o
                0x08007d1e                HAL_TIM_PWM_MspInit
 *fill*         0x08007d32        0x2 
 .text.HAL_TIM_PWM_Start
                0x08007d34      0x200 ./Drivers/STM32G4xx_HAL_Driver/Src/stm32g4xx_hal_tim.o
                0x08007d34                HAL_TIM_PWM_Start
 .text.HAL_TIM_PWM_Stop
                0x08007f34      0x12c ./Drivers/STM32G4xx_HAL_Driver/Src/stm32g4xx_hal_tim.o
                0x08007f34                HAL_TIM_PWM_Stop
 .text.HAL_TIM_IRQHandler
                0x08008060      0x29e ./Drivers/STM32G4xx_HAL_Driver/Src/stm32g4xx_hal_tim.o
                0x08008060                HAL_TIM_IRQHandler
 *fill*         0x080082fe        0x2 
 .text.HAL_TIM_PWM_ConfigChannel
                0x08008300      0x228 ./Drivers/STM32G4xx_HAL_Driver/Src/stm32g4xx_hal_tim.o
                0x08008300                HAL_TIM_PWM_ConfigChannel
 .text.HAL_TIM_ConfigClockSource
                0x08008528      0x1f4 ./Drivers/STM32G4xx_HAL_Driver/Src/stm32g4xx_hal_tim.o
                0x08008528                HAL_TIM_ConfigClockSource
 .text.HAL_TIM_PeriodElapsedCallback
                0x0800871c       0x14 ./Drivers/STM32G4xx_HAL_Driver/Src/stm32g4xx_hal_tim.o
                0x0800871c                HAL_TIM_PeriodElapsedCallback
 .text.HAL_TIM_OC_DelayElapsedCallback
                0x08008730       0x14 ./Drivers/STM32G4xx_HAL_Driver/Src/stm32g4xx_hal_tim.o
                0x08008730                HAL_TIM_OC_DelayElapsedCallback
 .text.HAL_TIM_PWM_PulseFinishedCallback
                0x08008744       0x14 ./Drivers/STM32G4xx_HAL_Driver/Src/stm32g4xx_hal_tim.o
                0x08008744                HAL_TIM_PWM_PulseFinishedCallback
 .text.HAL_TIM_TriggerCallback
                0x08008758       0x14 ./Drivers/STM32G4xx_HAL_Driver/Src/stm32g4xx_hal_tim.o
                0x08008758                HAL_TIM_TriggerCallback
 .text.TIM_Base_SetConfig
                0x0800876c      0x138 ./Drivers/STM32G4xx_HAL_Driver/Src/stm32g4xx_hal_tim.o
                0x0800876c                TIM_Base_SetConfig
 .text.TIM_OC1_SetConfig
                0x080088a4      0x120 ./Drivers/STM32G4xx_HAL_Driver/Src/stm32g4xx_hal_tim.o
 .text.TIM_OC2_SetConfig
                0x080089c4      0x114 ./Drivers/STM32G4xx_HAL_Driver/Src/stm32g4xx_hal_tim.o
                0x080089c4                TIM_OC2_SetConfig
 .text.TIM_OC3_SetConfig
                0x08008ad8      0x110 ./Drivers/STM32G4xx_HAL_Driver/Src/stm32g4xx_hal_tim.o
 .text.TIM_OC4_SetConfig
                0x08008be8      0x114 ./Drivers/STM32G4xx_HAL_Driver/Src/stm32g4xx_hal_tim.o
 .text.TIM_OC5_SetConfig
                0x08008cfc       0xc8 ./Drivers/STM32G4xx_HAL_Driver/Src/stm32g4xx_hal_tim.o
 .text.TIM_OC6_SetConfig
                0x08008dc4       0xcc ./Drivers/STM32G4xx_HAL_Driver/Src/stm32g4xx_hal_tim.o
 .text.TIM_TI1_SetConfig
                0x08008e90       0xd0 ./Drivers/STM32G4xx_HAL_Driver/Src/stm32g4xx_hal_tim.o
                0x08008e90                TIM_TI1_SetConfig
 .text.TIM_TI1_ConfigInputStage
                0x08008f60       0x5e ./Drivers/STM32G4xx_HAL_Driver/Src/stm32g4xx_hal_tim.o
 .text.TIM_TI2_ConfigInputStage
                0x08008fbe       0x60 ./Drivers/STM32G4xx_HAL_Driver/Src/stm32g4xx_hal_tim.o
 .text.TIM_ITRx_SetConfig
                0x0800901e       0x3a ./Drivers/STM32G4xx_HAL_Driver/Src/stm32g4xx_hal_tim.o
 .text.TIM_ETR_SetConfig
                0x08009058       0x40 ./Drivers/STM32G4xx_HAL_Driver/Src/stm32g4xx_hal_tim.o
                0x08009058                TIM_ETR_SetConfig
 .text.TIM_CCxChannelCmd
                0x08009098       0x4a ./Drivers/STM32G4xx_HAL_Driver/Src/stm32g4xx_hal_tim.o
                0x08009098                TIM_CCxChannelCmd
 .text.HAL_TIMEx_HallSensor_Init
                0x080090e2      0x15e ./Drivers/STM32G4xx_HAL_Driver/Src/stm32g4xx_hal_tim_ex.o
                0x080090e2                HAL_TIMEx_HallSensor_Init
 .text.HAL_TIMEx_HallSensor_MspInit
                0x08009240       0x14 ./Drivers/STM32G4xx_HAL_Driver/Src/stm32g4xx_hal_tim_ex.o
                0x08009240                HAL_TIMEx_HallSensor_MspInit
 .text.HAL_TIMEx_HallSensor_Start_IT
                0x08009254      0x120 ./Drivers/STM32G4xx_HAL_Driver/Src/stm32g4xx_hal_tim_ex.o
                0x08009254                HAL_TIMEx_HallSensor_Start_IT
 .text.HAL_TIMEx_PWMN_Start
                0x08009374      0x168 ./Drivers/STM32G4xx_HAL_Driver/Src/stm32g4xx_hal_tim_ex.o
                0x08009374                HAL_TIMEx_PWMN_Start
 .text.HAL_TIMEx_PWMN_Stop
                0x080094dc       0xba ./Drivers/STM32G4xx_HAL_Driver/Src/stm32g4xx_hal_tim_ex.o
                0x080094dc                HAL_TIMEx_PWMN_Stop
 *fill*         0x08009596        0x2 
 .text.HAL_TIMEx_MasterConfigSynchronization
                0x08009598      0x104 ./Drivers/STM32G4xx_HAL_Driver/Src/stm32g4xx_hal_tim_ex.o
                0x08009598                HAL_TIMEx_MasterConfigSynchronization
 .text.HAL_TIMEx_ConfigBreakDeadTime
                0x0800969c      0x118 ./Drivers/STM32G4xx_HAL_Driver/Src/stm32g4xx_hal_tim_ex.o
                0x0800969c                HAL_TIMEx_ConfigBreakDeadTime
 .text.HAL_TIMEx_ConfigBreakInput
                0x080097b4      0x1b0 ./Drivers/STM32G4xx_HAL_Driver/Src/stm32g4xx_hal_tim_ex.o
                0x080097b4                HAL_TIMEx_ConfigBreakInput
 .text.HAL_TIMEx_CommutCallback
                0x08009964       0x14 ./Drivers/STM32G4xx_HAL_Driver/Src/stm32g4xx_hal_tim_ex.o
                0x08009964                HAL_TIMEx_CommutCallback
 .text.HAL_TIMEx_BreakCallback
                0x08009978       0x14 ./Drivers/STM32G4xx_HAL_Driver/Src/stm32g4xx_hal_tim_ex.o
                0x08009978                HAL_TIMEx_BreakCallback
 .text.HAL_TIMEx_Break2Callback
                0x0800998c       0x14 ./Drivers/STM32G4xx_HAL_Driver/Src/stm32g4xx_hal_tim_ex.o
                0x0800998c                HAL_TIMEx_Break2Callback
 .text.HAL_TIMEx_EncoderIndexCallback
                0x080099a0       0x14 ./Drivers/STM32G4xx_HAL_Driver/Src/stm32g4xx_hal_tim_ex.o
                0x080099a0                HAL_TIMEx_EncoderIndexCallback
 .text.HAL_TIMEx_DirectionChangeCallback
                0x080099b4       0x14 ./Drivers/STM32G4xx_HAL_Driver/Src/stm32g4xx_hal_tim_ex.o
                0x080099b4                HAL_TIMEx_DirectionChangeCallback
 .text.HAL_TIMEx_IndexErrorCallback
                0x080099c8       0x14 ./Drivers/STM32G4xx_HAL_Driver/Src/stm32g4xx_hal_tim_ex.o
                0x080099c8                HAL_TIMEx_IndexErrorCallback
 .text.HAL_TIMEx_TransitionErrorCallback
                0x080099dc       0x14 ./Drivers/STM32G4xx_HAL_Driver/Src/stm32g4xx_hal_tim_ex.o
                0x080099dc                HAL_TIMEx_TransitionErrorCallback
 .text.TIM_CCxNChannelCmd
                0x080099f0       0x4a ./Drivers/STM32G4xx_HAL_Driver/Src/stm32g4xx_hal_tim_ex.o
 .text.HAL_UART_Init
                0x08009a3a       0xa0 ./Drivers/STM32G4xx_HAL_Driver/Src/stm32g4xx_hal_uart.o
                0x08009a3a                HAL_UART_Init
 *fill*         0x08009ada        0x2 
 .text.HAL_UART_Transmit_DMA
                0x08009adc      0x100 ./Drivers/STM32G4xx_HAL_Driver/Src/stm32g4xx_hal_uart.o
                0x08009adc                HAL_UART_Transmit_DMA
 .text.HAL_UART_IRQHandler
                0x08009bdc      0x648 ./Drivers/STM32G4xx_HAL_Driver/Src/stm32g4xx_hal_uart.o
                0x08009bdc                HAL_UART_IRQHandler
 .text.HAL_UART_TxCpltCallback
                0x0800a224       0x14 ./Drivers/STM32G4xx_HAL_Driver/Src/stm32g4xx_hal_uart.o
                0x0800a224                HAL_UART_TxCpltCallback
 .text.HAL_UART_TxHalfCpltCallback
                0x0800a238       0x14 ./Drivers/STM32G4xx_HAL_Driver/Src/stm32g4xx_hal_uart.o
                0x0800a238                HAL_UART_TxHalfCpltCallback
 .text.HAL_UART_ErrorCallback
                0x0800a24c       0x14 ./Drivers/STM32G4xx_HAL_Driver/Src/stm32g4xx_hal_uart.o
                0x0800a24c                HAL_UART_ErrorCallback
 .text.HAL_UARTEx_RxEventCallback
                0x0800a260       0x18 ./Drivers/STM32G4xx_HAL_Driver/Src/stm32g4xx_hal_uart.o
                0x0800a260                HAL_UARTEx_RxEventCallback
 .text.UART_SetConfig
                0x0800a278      0x598 ./Drivers/STM32G4xx_HAL_Driver/Src/stm32g4xx_hal_uart.o
                0x0800a278                UART_SetConfig
 .text.UART_AdvFeatureConfig
                0x0800a810      0x144 ./Drivers/STM32G4xx_HAL_Driver/Src/stm32g4xx_hal_uart.o
                0x0800a810                UART_AdvFeatureConfig
 .text.UART_CheckIdleState
                0x0800a954      0x154 ./Drivers/STM32G4xx_HAL_Driver/Src/stm32g4xx_hal_uart.o
                0x0800a954                UART_CheckIdleState
 .text.UART_WaitOnFlagUntilTimeout
                0x0800aaa8       0xda ./Drivers/STM32G4xx_HAL_Driver/Src/stm32g4xx_hal_uart.o
                0x0800aaa8                UART_WaitOnFlagUntilTimeout
 .text.UART_EndTxTransfer
                0x0800ab82       0x82 ./Drivers/STM32G4xx_HAL_Driver/Src/stm32g4xx_hal_uart.o
 .text.UART_EndRxTransfer
                0x0800ac04       0xcc ./Drivers/STM32G4xx_HAL_Driver/Src/stm32g4xx_hal_uart.o
 .text.UART_DMATransmitCplt
                0x0800acd0       0x9a ./Drivers/STM32G4xx_HAL_Driver/Src/stm32g4xx_hal_uart.o
 .text.UART_DMATxHalfCplt
                0x0800ad6a       0x1c ./Drivers/STM32G4xx_HAL_Driver/Src/stm32g4xx_hal_uart.o
 .text.UART_DMAError
                0x0800ad86       0x80 ./Drivers/STM32G4xx_HAL_Driver/Src/stm32g4xx_hal_uart.o
 .text.UART_DMAAbortOnError
                0x0800ae06       0x2c ./Drivers/STM32G4xx_HAL_Driver/Src/stm32g4xx_hal_uart.o
 .text.UART_EndTransmit_IT
                0x0800ae32       0x56 ./Drivers/STM32G4xx_HAL_Driver/Src/stm32g4xx_hal_uart.o
 .text.HAL_UARTEx_WakeupCallback
                0x0800ae88       0x14 ./Drivers/STM32G4xx_HAL_Driver/Src/stm32g4xx_hal_uart_ex.o
                0x0800ae88                HAL_UARTEx_WakeupCallback
 .text.HAL_UARTEx_RxFifoFullCallback
                0x0800ae9c       0x14 ./Drivers/STM32G4xx_HAL_Driver/Src/stm32g4xx_hal_uart_ex.o
                0x0800ae9c                HAL_UARTEx_RxFifoFullCallback
 .text.HAL_UARTEx_TxFifoEmptyCallback
                0x0800aeb0       0x14 ./Drivers/STM32G4xx_HAL_Driver/Src/stm32g4xx_hal_uart_ex.o
                0x0800aeb0                HAL_UARTEx_TxFifoEmptyCallback
 .text.HAL_UARTEx_DisableFifoMode
                0x0800aec4       0x72 ./Drivers/STM32G4xx_HAL_Driver/Src/stm32g4xx_hal_uart_ex.o
                0x0800aec4                HAL_UARTEx_DisableFifoMode
 .text.HAL_UARTEx_SetTxFifoThreshold
                0x0800af36       0x7c ./Drivers/STM32G4xx_HAL_Driver/Src/stm32g4xx_hal_uart_ex.o
                0x0800af36                HAL_UARTEx_SetTxFifoThreshold
 .text.HAL_UARTEx_SetRxFifoThreshold
                0x0800afb2       0x7c ./Drivers/STM32G4xx_HAL_Driver/Src/stm32g4xx_hal_uart_ex.o
                0x0800afb2                HAL_UARTEx_SetRxFifoThreshold
 *fill*         0x0800b02e        0x2 
 .text.UARTEx_SetNbDataToProcess
                0x0800b030       0x9c ./Drivers/STM32G4xx_HAL_Driver/Src/stm32g4xx_hal_uart_ex.o
 .text.appInit  0x0800b0cc        0xc ./User/app.o
                0x0800b0cc                appInit
 .text.appRunning
                0x0800b0d8       0x84 ./User/app.o
                0x0800b0d8                appRunning
 .text.uartRxProcess
                0x0800b15c        0xe ./User/app.o
 .text.uartTxProcess
                0x0800b16a        0xe ./User/app.o
 .text.poweringOn
                0x0800b178       0x30 ./User/app.o
 .text.standingby
                0x0800b1a8        0xe ./User/app.o
 .text.setting  0x0800b1b6        0xe ./User/app.o
 .text.working  0x0800b1c4        0xe ./User/app.o
 .text.testing  0x0800b1d2        0xe ./User/app.o
 .text.faulting
                0x0800b1e0        0xe ./User/app.o
 *fill*         0x0800b1ee        0x2 
 .text._sin     0x0800b1f0      0x100 ./User/foc_utils.o
                0x0800b1f0                _sin
 .text._cos     0x0800b2f0       0x60 ./User/foc_utils.o
                0x0800b2f0                _cos
 .text._sincos  0x0800b350       0x3a ./User/foc_utils.o
                0x0800b350                _sincos
 *fill*         0x0800b38a        0x2 
 .text.motorInit
                0x0800b38c       0x38 ./User/motor.o
                0x0800b38c                motorInit
 .text.setPwm1  0x0800b3c4       0x34 ./User/motor.o
 .text.setPhaseVoltage1
                0x0800b3f8      0x4a8 ./User/motor.o
 .text.openLoopFoc
                0x0800b8a0       0x30 ./User/motor.o
                0x0800b8a0                openLoopFoc
 .text.userMain
                0x0800b8d0       0x16 ./User/userMain.o
                0x0800b8d0                userMain
 *fill*         0x0800b8e6        0x2 
 .text.HAL_GPIO_EXTI_Callback
                0x0800b8e8       0x98 ./User/userMain.o
                0x0800b8e8                HAL_GPIO_EXTI_Callback
 .text.HAL_ADCEx_InjectedConvCpltCallback
                0x0800b980      0x230 ./User/userMain.o
                0x0800b980                HAL_ADCEx_InjectedConvCpltCallback
 .text.HAL_TIM_IC_CaptureCallback
                0x0800bbb0       0x14 ./User/userMain.o
                0x0800bbb0                HAL_TIM_IC_CaptureCallback
 .text.FDCAN_Config
                0x0800bbc4        0xe ./User/userMain.o
                0x0800bbc4                FDCAN_Config
 *fill*         0x0800bbd2        0x2 
 .text.dealPer100us
                0x0800bbd4       0x2c ./User/userTimer.o
                0x0800bbd4                dealPer100us
 .text.dealPerMs
                0x0800bc00      0x14c ./User/userTimer.o
                0x0800bc00                dealPerMs
 .text.getOneSecFlag
                0x0800bd4c       0x28 ./User/userTimer.o
                0x0800bd4c                getOneSecFlag
 .text.get100MsFlag
                0x0800bd74       0x28 ./User/userTimer.o
                0x0800bd74                get100MsFlag
 .text.memset   0x0800bd9c       0x10 D:/ST/STM32CubeIDE_1.14.1/STM32CubeIDE/plugins/com.st.stm32cube.ide.mcu.externaltools.gnu-tools-for-stm32.12.3.rel1.win32_1.0.100.202403111256/tools/bin/../lib/gcc/arm-none-eabi/12.3.1/../../../../arm-none-eabi/lib/thumb/v7e-m+fp/hard\libc_nano.a(libc_a-memset.o)
                0x0800bd9c                memset
 .text.__libc_init_array
                0x0800bdac       0x48 D:/ST/STM32CubeIDE_1.14.1/STM32CubeIDE/plugins/com.st.stm32cube.ide.mcu.externaltools.gnu-tools-for-stm32.12.3.rel1.win32_1.0.100.202403111256/tools/bin/../lib/gcc/arm-none-eabi/12.3.1/../../../../arm-none-eabi/lib/thumb/v7e-m+fp/hard\libc_nano.a(libc_a-init.o)
                0x0800bdac                __libc_init_array
 *(.glue_7)
 .glue_7        0x0800bdf4        0x0 linker stubs
 *(.glue_7t)
 .glue_7t       0x0800bdf4        0x0 linker stubs
 *(.eh_frame)
 .eh_frame      0x0800bdf4        0x0 D:/ST/STM32CubeIDE_1.14.1/STM32CubeIDE/plugins/com.st.stm32cube.ide.mcu.externaltools.gnu-tools-for-stm32.12.3.rel1.win32_1.0.100.202403111256/tools/bin/../lib/gcc/arm-none-eabi/12.3.1/thumb/v7e-m+fp/hard/crtbegin.o
 *(.init)
 .init          0x0800bdf4        0x4 D:/ST/STM32CubeIDE_1.14.1/STM32CubeIDE/plugins/com.st.stm32cube.ide.mcu.externaltools.gnu-tools-for-stm32.12.3.rel1.win32_1.0.100.202403111256/tools/bin/../lib/gcc/arm-none-eabi/12.3.1/thumb/v7e-m+fp/hard/crti.o
                0x0800bdf4                _init
 .init          0x0800bdf8        0x8 D:/ST/STM32CubeIDE_1.14.1/STM32CubeIDE/plugins/com.st.stm32cube.ide.mcu.externaltools.gnu-tools-for-stm32.12.3.rel1.win32_1.0.100.202403111256/tools/bin/../lib/gcc/arm-none-eabi/12.3.1/thumb/v7e-m+fp/hard/crtn.o
 *(.fini)
 .fini          0x0800be00        0x4 D:/ST/STM32CubeIDE_1.14.1/STM32CubeIDE/plugins/com.st.stm32cube.ide.mcu.externaltools.gnu-tools-for-stm32.12.3.rel1.win32_1.0.100.202403111256/tools/bin/../lib/gcc/arm-none-eabi/12.3.1/thumb/v7e-m+fp/hard/crti.o
                0x0800be00                _fini
 .fini          0x0800be04        0x8 D:/ST/STM32CubeIDE_1.14.1/STM32CubeIDE/plugins/com.st.stm32cube.ide.mcu.externaltools.gnu-tools-for-stm32.12.3.rel1.win32_1.0.100.202403111256/tools/bin/../lib/gcc/arm-none-eabi/12.3.1/thumb/v7e-m+fp/hard/crtn.o
                0x0800be0c                        . = ALIGN (0x4)
                0x0800be0c                        _etext = .

.vfp11_veneer   0x0800be0c        0x0
 .vfp11_veneer  0x0800be0c        0x0 linker stubs

.v4_bx          0x0800be0c        0x0
 .v4_bx         0x0800be0c        0x0 linker stubs

.iplt           0x0800be0c        0x0
 .iplt          0x0800be0c        0x0 D:/ST/STM32CubeIDE_1.14.1/STM32CubeIDE/plugins/com.st.stm32cube.ide.mcu.externaltools.gnu-tools-for-stm32.12.3.rel1.win32_1.0.100.202403111256/tools/bin/../lib/gcc/arm-none-eabi/12.3.1/thumb/v7e-m+fp/hard/crtbegin.o

.rodata         0x0800be0c       0x58
                0x0800be0c                        . = ALIGN (0x4)
 *(.rodata)
 *(.rodata*)
 .rodata.AHBPrescTable
                0x0800be0c       0x10 ./Core/Src/system_stm32g4xx.o
                0x0800be0c                AHBPrescTable
 .rodata.APBPrescTable
                0x0800be1c        0x8 ./Core/Src/system_stm32g4xx.o
                0x0800be1c                APBPrescTable
 .rodata.DLCtoBytes
                0x0800be24       0x10 ./Drivers/STM32G4xx_HAL_Driver/Src/stm32g4xx_hal_fdcan.o
 .rodata.UARTPrescTable
                0x0800be34       0x18 ./Drivers/STM32G4xx_HAL_Driver/Src/stm32g4xx_hal_uart.o
                0x0800be34                UARTPrescTable
 .rodata.numerator.1
                0x0800be4c        0x8 ./Drivers/STM32G4xx_HAL_Driver/Src/stm32g4xx_hal_uart_ex.o
 .rodata.denominator.0
                0x0800be54        0x8 ./Drivers/STM32G4xx_HAL_Driver/Src/stm32g4xx_hal_uart_ex.o
 .rodata.sectorRemap
                0x0800be5c        0x7 ./User/foc.o
                0x0800be5c                sectorRemap
                0x0800be64                        . = ALIGN (0x4)
 *fill*         0x0800be63        0x1 

.ARM.extab      0x0800be64        0x0
                0x0800be64                        . = ALIGN (0x4)
 *(.ARM.extab* .gnu.linkonce.armextab.*)
                0x0800be64                        . = ALIGN (0x4)

.ARM            0x0800be64        0x8
                0x0800be64                        . = ALIGN (0x4)
                0x0800be64                        __exidx_start = .
 *(.ARM.exidx*)
 .ARM.exidx     0x0800be64        0x8 D:/ST/STM32CubeIDE_1.14.1/STM32CubeIDE/plugins/com.st.stm32cube.ide.mcu.externaltools.gnu-tools-for-stm32.12.3.rel1.win32_1.0.100.202403111256/tools/bin/../lib/gcc/arm-none-eabi/12.3.1/thumb/v7e-m+fp/hard\libgcc.a(_udivmoddi4.o)
                0x0800be6c                        __exidx_end = .
                0x0800be6c                        . = ALIGN (0x4)

.preinit_array  0x0800be6c        0x0
                0x0800be6c                        . = ALIGN (0x4)
                0x0800be6c                        PROVIDE (__preinit_array_start = .)
 *(.preinit_array*)
                0x0800be6c                        PROVIDE (__preinit_array_end = .)
                0x0800be6c                        . = ALIGN (0x4)

.init_array     0x0800be6c        0x4
                0x0800be6c                        . = ALIGN (0x4)
                0x0800be6c                        PROVIDE (__init_array_start = .)
 *(SORT_BY_NAME(.init_array.*))
 *(.init_array*)
 .init_array    0x0800be6c        0x4 D:/ST/STM32CubeIDE_1.14.1/STM32CubeIDE/plugins/com.st.stm32cube.ide.mcu.externaltools.gnu-tools-for-stm32.12.3.rel1.win32_1.0.100.202403111256/tools/bin/../lib/gcc/arm-none-eabi/12.3.1/thumb/v7e-m+fp/hard/crtbegin.o
                0x0800be70                        PROVIDE (__init_array_end = .)
                0x0800be70                        . = ALIGN (0x4)

.fini_array     0x0800be70        0x4
                0x0800be70                        . = ALIGN (0x4)
                [!provide]                        PROVIDE (__fini_array_start = .)
 *(SORT_BY_NAME(.fini_array.*))
 *(.fini_array*)
 .fini_array    0x0800be70        0x4 D:/ST/STM32CubeIDE_1.14.1/STM32CubeIDE/plugins/com.st.stm32cube.ide.mcu.externaltools.gnu-tools-for-stm32.12.3.rel1.win32_1.0.100.202403111256/tools/bin/../lib/gcc/arm-none-eabi/12.3.1/thumb/v7e-m+fp/hard/crtbegin.o
                [!provide]                        PROVIDE (__fini_array_end = .)
                0x0800be74                        . = ALIGN (0x4)
                0x0800be74                        _sidata = LOADADDR (.data)

.rel.dyn        0x0800be74        0x0
 .rel.iplt      0x0800be74        0x0 D:/ST/STM32CubeIDE_1.14.1/STM32CubeIDE/plugins/com.st.stm32cube.ide.mcu.externaltools.gnu-tools-for-stm32.12.3.rel1.win32_1.0.100.202403111256/tools/bin/../lib/gcc/arm-none-eabi/12.3.1/thumb/v7e-m+fp/hard/crtbegin.o

.data           0x20000000       0xa8 load address 0x0800be74
                0x20000000                        . = ALIGN (0x4)
                0x20000000                        _sdata = .
 *(.data)
 *(.data*)
 .data.SystemCoreClock
                0x20000000        0x4 ./Core/Src/system_stm32g4xx.o
                0x20000000                SystemCoreClock
 .data.uwTickPrio
                0x20000004        0x4 ./Drivers/STM32G4xx_HAL_Driver/Src/stm32g4xx_hal.o
                0x20000004                uwTickPrio
 .data.uwTickFreq
                0x20000008        0x4 ./Drivers/STM32G4xx_HAL_Driver/Src/stm32g4xx_hal.o
                0x20000008                uwTickFreq
 .data.sine_array.0
                0x2000000c       0x82 ./User/foc_utils.o
 *fill*         0x2000008e        0x2 
 .data.tempData
                0x20000090       0x18 ./User/userMain.o
                0x20000090                tempData
 *(.RamFunc)
 *(.RamFunc*)
                0x200000a8                        . = ALIGN (0x4)
                0x200000a8                        _edata = .

.igot.plt       0x200000a8        0x0 load address 0x0800bf1c
 .igot.plt      0x200000a8        0x0 D:/ST/STM32CubeIDE_1.14.1/STM32CubeIDE/plugins/com.st.stm32cube.ide.mcu.externaltools.gnu-tools-for-stm32.12.3.rel1.win32_1.0.100.202403111256/tools/bin/../lib/gcc/arm-none-eabi/12.3.1/thumb/v7e-m+fp/hard/crtbegin.o
                0x200000a8                        . = ALIGN (0x4)

.bss            0x200000a8      0x510 load address 0x0800bf1c
                0x200000a8                        _sbss = .
                0x200000a8                        __bss_start__ = _sbss
 *(.bss)
 .bss           0x200000a8       0x1c D:/ST/STM32CubeIDE_1.14.1/STM32CubeIDE/plugins/com.st.stm32cube.ide.mcu.externaltools.gnu-tools-for-stm32.12.3.rel1.win32_1.0.100.202403111256/tools/bin/../lib/gcc/arm-none-eabi/12.3.1/thumb/v7e-m+fp/hard/crtbegin.o
 *(.bss*)
 .bss.hadc1     0x200000c4       0x6c ./Core/Src/adc.o
                0x200000c4                hadc1
 .bss.hadc2     0x20000130       0x6c ./Core/Src/adc.o
                0x20000130                hadc2
 .bss.HAL_RCC_ADC12_CLK_ENABLED
                0x2000019c        0x4 ./Core/Src/adc.o
 .bss.hcomp1    0x200001a0       0x24 ./Core/Src/comp.o
                0x200001a0                hcomp1
 .bss.hdac1     0x200001c4       0x14 ./Core/Src/dac.o
                0x200001c4                hdac1
 .bss.hdac3     0x200001d8       0x14 ./Core/Src/dac.o
                0x200001d8                hdac3
 .bss.hfdcan1   0x200001ec       0x64 ./Core/Src/fdcan.o
                0x200001ec                hfdcan1
 .bss.hopamp1   0x20000250       0x3c ./Core/Src/opamp.o
                0x20000250                hopamp1
 .bss.hopamp2   0x2000028c       0x3c ./Core/Src/opamp.o
                0x2000028c                hopamp2
 .bss.hopamp3   0x200002c8       0x3c ./Core/Src/opamp.o
                0x200002c8                hopamp3
 .bss.htim1     0x20000304       0x4c ./Core/Src/tim.o
                0x20000304                htim1
 .bss.htim4     0x20000350       0x4c ./Core/Src/tim.o
                0x20000350                htim4
 .bss.huart3    0x2000039c       0x94 ./Core/Src/usart.o
                0x2000039c                huart3
 .bss.hdma_usart3_tx
                0x20000430       0x60 ./Core/Src/usart.o
                0x20000430                hdma_usart3_tx
 .bss.uwTick    0x20000490        0x4 ./Drivers/STM32G4xx_HAL_Driver/Src/stm32g4xx_hal.o
                0x20000490                uwTick
 .bss.devState  0x20000494        0x1 ./User/app.o
 .bss._1s       0x20000495        0x1 ./User/app.o
 .bss.cnt.0     0x20000496        0x1 ./User/app.o
 *fill*         0x20000497        0x1 
 .bss.fp1       0x20000498       0x9c ./User/motor.o
                0x20000498                fp1
 .bss.load_data
                0x20000534       0x14 ./User/userMain.o
                0x20000534                load_data
 .bss.Ia        0x20000548        0x4 ./User/userMain.o
                0x20000548                Ia
 .bss.Ib        0x2000054c        0x4 ./User/userMain.o
                0x2000054c                Ib
 .bss.Ic        0x20000550        0x4 ./User/userMain.o
                0x20000550                Ic
 .bss.Motor_state
                0x20000554        0x1 ./User/userMain.o
                0x20000554                Motor_state
 *fill*         0x20000555        0x1 
 .bss.IA_Offset
                0x20000556        0x2 ./User/userMain.o
                0x20000556                IA_Offset
 .bss.IB_Offset
                0x20000558        0x2 ./User/userMain.o
                0x20000558                IB_Offset
 .bss.IC_Offset
                0x2000055a        0x2 ./User/userMain.o
                0x2000055a                IC_Offset
 .bss.adc1_in1  0x2000055c        0x2 ./User/userMain.o
                0x2000055c                adc1_in1
 .bss.adc1_in2  0x2000055e        0x2 ./User/userMain.o
                0x2000055e                adc1_in2
 .bss.adc1_in3  0x20000560        0x2 ./User/userMain.o
                0x20000560                adc1_in3
 .bss.ADC_offset
                0x20000562        0x1 ./User/userMain.o
                0x20000562                ADC_offset
 *fill*         0x20000563        0x1 
 .bss.RxHeader  0x20000564       0x28 ./User/userMain.o
                0x20000564                RxHeader
 .bss.RxData    0x2000058c        0x8 ./User/userMain.o
                0x2000058c                RxData
 .bss.cnt.1     0x20000594        0x1 ./User/userMain.o
 *fill*         0x20000595        0x3 
 .bss.elecAngle.0
                0x20000598        0x4 ./User/userMain.o
 .bss._1s       0x2000059c        0x1 ./User/userTimer.o
 .bss._1ms      0x2000059d        0x1 ./User/userTimer.o
 *fill*         0x2000059e        0x2 
 .bss._1msCnt   0x200005a0        0x4 ./User/userTimer.o
 .bss.frequence
                0x200005a4        0x1 ./User/userTimer.o
 .bss.withoutZeroCnt
                0x200005a5        0x1 ./User/userTimer.o
 .bss._5msFlag  0x200005a6        0x1 ./User/userTimer.o
 .bss._10msFlag
                0x200005a7        0x1 ./User/userTimer.o
 .bss._20msFlag
                0x200005a8        0x1 ./User/userTimer.o
 .bss._30msFlag
                0x200005a9        0x1 ./User/userTimer.o
 .bss._100msFlag
                0x200005aa        0x1 ./User/userTimer.o
 .bss._500msFlag
                0x200005ab        0x1 ./User/userTimer.o
 .bss.cnt.6     0x200005ac        0x1 ./User/userTimer.o
 .bss._5msCnt.5
                0x200005ad        0x1 ./User/userTimer.o
 .bss._10msCnt.4
                0x200005ae        0x1 ./User/userTimer.o
 .bss._20msCnt.3
                0x200005af        0x1 ./User/userTimer.o
 .bss._30msCnt.2
                0x200005b0        0x1 ./User/userTimer.o
 .bss._100msCnt.1
                0x200005b1        0x1 ./User/userTimer.o
 *fill*         0x200005b2        0x2 
 .bss._500msCnt.0
                0x200005b4        0x4 ./User/userTimer.o
 *(COMMON)
                0x200005b8                        . = ALIGN (0x4)
                0x200005b8                        _ebss = .
                0x200005b8                        __bss_end__ = _ebss

._user_heap_stack
                0x200005b8      0x600 load address 0x0800bf1c
                0x200005b8                        . = ALIGN (0x8)
                [!provide]                        PROVIDE (end = .)
                0x200005b8                        PROVIDE (_end = .)
                0x200007b8                        . = (. + _Min_Heap_Size)
 *fill*         0x200005b8      0x200 
                0x20000bb8                        . = (. + _Min_Stack_Size)
 *fill*         0x200007b8      0x400 
                0x20000bb8                        . = ALIGN (0x8)

/DISCARD/
 libc.a(*)
 libm.a(*)
 libgcc.a(*)

.ARM.attributes
                0x00000000       0x30
 *(.ARM.attributes)
 .ARM.attributes
                0x00000000       0x22 D:/ST/STM32CubeIDE_1.14.1/STM32CubeIDE/plugins/com.st.stm32cube.ide.mcu.externaltools.gnu-tools-for-stm32.12.3.rel1.win32_1.0.100.202403111256/tools/bin/../lib/gcc/arm-none-eabi/12.3.1/thumb/v7e-m+fp/hard/crti.o
 .ARM.attributes
                0x00000022       0x34 D:/ST/STM32CubeIDE_1.14.1/STM32CubeIDE/plugins/com.st.stm32cube.ide.mcu.externaltools.gnu-tools-for-stm32.12.3.rel1.win32_1.0.100.202403111256/tools/bin/../lib/gcc/arm-none-eabi/12.3.1/thumb/v7e-m+fp/hard/crtbegin.o
 .ARM.attributes
                0x00000056       0x34 ./Core/Src/adc.o
 .ARM.attributes
                0x0000008a       0x34 ./Core/Src/comp.o
 .ARM.attributes
                0x000000be       0x34 ./Core/Src/dac.o
 .ARM.attributes
                0x000000f2       0x34 ./Core/Src/dma.o
 .ARM.attributes
                0x00000126       0x34 ./Core/Src/fdcan.o
 .ARM.attributes
                0x0000015a       0x34 ./Core/Src/gpio.o
 .ARM.attributes
                0x0000018e       0x34 ./Core/Src/main.o
 .ARM.attributes
                0x000001c2       0x34 ./Core/Src/opamp.o
 .ARM.attributes
                0x000001f6       0x34 ./Core/Src/stm32g4xx_hal_msp.o
 .ARM.attributes
                0x0000022a       0x34 ./Core/Src/stm32g4xx_it.o
 .ARM.attributes
                0x0000025e       0x34 ./Core/Src/system_stm32g4xx.o
 .ARM.attributes
                0x00000292       0x34 ./Core/Src/tim.o
 .ARM.attributes
                0x000002c6       0x34 ./Core/Src/usart.o
 .ARM.attributes
                0x000002fa       0x21 ./Core/Startup/startup_stm32g431cbux.o
 .ARM.attributes
                0x0000031b       0x34 ./Drivers/STM32G4xx_HAL_Driver/Src/stm32g4xx_hal.o
 .ARM.attributes
                0x0000034f       0x34 ./Drivers/STM32G4xx_HAL_Driver/Src/stm32g4xx_hal_adc.o
 .ARM.attributes
                0x00000383       0x34 ./Drivers/STM32G4xx_HAL_Driver/Src/stm32g4xx_hal_adc_ex.o
 .ARM.attributes
                0x000003b7       0x34 ./Drivers/STM32G4xx_HAL_Driver/Src/stm32g4xx_hal_comp.o
 .ARM.attributes
                0x000003eb       0x34 ./Drivers/STM32G4xx_HAL_Driver/Src/stm32g4xx_hal_cortex.o
 .ARM.attributes
                0x0000041f       0x34 ./Drivers/STM32G4xx_HAL_Driver/Src/stm32g4xx_hal_dac.o
 .ARM.attributes
                0x00000453       0x34 ./Drivers/STM32G4xx_HAL_Driver/Src/stm32g4xx_hal_dma.o
 .ARM.attributes
                0x00000487       0x34 ./Drivers/STM32G4xx_HAL_Driver/Src/stm32g4xx_hal_fdcan.o
 .ARM.attributes
                0x000004bb       0x34 ./Drivers/STM32G4xx_HAL_Driver/Src/stm32g4xx_hal_gpio.o
 .ARM.attributes
                0x000004ef       0x34 ./Drivers/STM32G4xx_HAL_Driver/Src/stm32g4xx_hal_opamp.o
 .ARM.attributes
                0x00000523       0x34 ./Drivers/STM32G4xx_HAL_Driver/Src/stm32g4xx_hal_pwr_ex.o
 .ARM.attributes
                0x00000557       0x34 ./Drivers/STM32G4xx_HAL_Driver/Src/stm32g4xx_hal_rcc.o
 .ARM.attributes
                0x0000058b       0x34 ./Drivers/STM32G4xx_HAL_Driver/Src/stm32g4xx_hal_rcc_ex.o
 .ARM.attributes
                0x000005bf       0x34 ./Drivers/STM32G4xx_HAL_Driver/Src/stm32g4xx_hal_tim.o
 .ARM.attributes
                0x000005f3       0x34 ./Drivers/STM32G4xx_HAL_Driver/Src/stm32g4xx_hal_tim_ex.o
 .ARM.attributes
                0x00000627       0x34 ./Drivers/STM32G4xx_HAL_Driver/Src/stm32g4xx_hal_uart.o
 .ARM.attributes
                0x0000065b       0x34 ./Drivers/STM32G4xx_HAL_Driver/Src/stm32g4xx_hal_uart_ex.o
 .ARM.attributes
                0x0000068f       0x34 ./User/app.o
 .ARM.attributes
                0x000006c3       0x34 ./User/foc.o
 .ARM.attributes
                0x000006f7       0x34 ./User/foc_utils.o
 .ARM.attributes
                0x0000072b       0x34 ./User/motor.o
 .ARM.attributes
                0x0000075f       0x34 ./User/userMain.o
 .ARM.attributes
                0x00000793       0x34 ./User/userTimer.o
 .ARM.attributes
                0x000007c7       0x34 D:/ST/STM32CubeIDE_1.14.1/STM32CubeIDE/plugins/com.st.stm32cube.ide.mcu.externaltools.gnu-tools-for-stm32.12.3.rel1.win32_1.0.100.202403111256/tools/bin/../lib/gcc/arm-none-eabi/12.3.1/../../../../arm-none-eabi/lib/thumb/v7e-m+fp/hard\libc_nano.a(libc_a-memset.o)
 .ARM.attributes
                0x000007fb       0x34 D:/ST/STM32CubeIDE_1.14.1/STM32CubeIDE/plugins/com.st.stm32cube.ide.mcu.externaltools.gnu-tools-for-stm32.12.3.rel1.win32_1.0.100.202403111256/tools/bin/../lib/gcc/arm-none-eabi/12.3.1/../../../../arm-none-eabi/lib/thumb/v7e-m+fp/hard\libc_nano.a(libc_a-init.o)
 .ARM.attributes
                0x0000082f       0x22 D:/ST/STM32CubeIDE_1.14.1/STM32CubeIDE/plugins/com.st.stm32cube.ide.mcu.externaltools.gnu-tools-for-stm32.12.3.rel1.win32_1.0.100.202403111256/tools/bin/../lib/gcc/arm-none-eabi/12.3.1/thumb/v7e-m+fp/hard\libgcc.a(_arm_addsubdf3.o)
 .ARM.attributes
                0x00000851       0x22 D:/ST/STM32CubeIDE_1.14.1/STM32CubeIDE/plugins/com.st.stm32cube.ide.mcu.externaltools.gnu-tools-for-stm32.12.3.rel1.win32_1.0.100.202403111256/tools/bin/../lib/gcc/arm-none-eabi/12.3.1/thumb/v7e-m+fp/hard\libgcc.a(_arm_muldivdf3.o)
 .ARM.attributes
                0x00000873       0x22 D:/ST/STM32CubeIDE_1.14.1/STM32CubeIDE/plugins/com.st.stm32cube.ide.mcu.externaltools.gnu-tools-for-stm32.12.3.rel1.win32_1.0.100.202403111256/tools/bin/../lib/gcc/arm-none-eabi/12.3.1/thumb/v7e-m+fp/hard\libgcc.a(_arm_fixunsdfsi.o)
 .ARM.attributes
                0x00000895       0x22 D:/ST/STM32CubeIDE_1.14.1/STM32CubeIDE/plugins/com.st.stm32cube.ide.mcu.externaltools.gnu-tools-for-stm32.12.3.rel1.win32_1.0.100.202403111256/tools/bin/../lib/gcc/arm-none-eabi/12.3.1/thumb/v7e-m+fp/hard\libgcc.a(_arm_truncdfsf2.o)
 .ARM.attributes
                0x000008b7       0x22 D:/ST/STM32CubeIDE_1.14.1/STM32CubeIDE/plugins/com.st.stm32cube.ide.mcu.externaltools.gnu-tools-for-stm32.12.3.rel1.win32_1.0.100.202403111256/tools/bin/../lib/gcc/arm-none-eabi/12.3.1/thumb/v7e-m+fp/hard\libgcc.a(_aeabi_uldivmod.o)
 .ARM.attributes
                0x000008d9       0x34 D:/ST/STM32CubeIDE_1.14.1/STM32CubeIDE/plugins/com.st.stm32cube.ide.mcu.externaltools.gnu-tools-for-stm32.12.3.rel1.win32_1.0.100.202403111256/tools/bin/../lib/gcc/arm-none-eabi/12.3.1/thumb/v7e-m+fp/hard\libgcc.a(_udivmoddi4.o)
 .ARM.attributes
                0x0000090d       0x22 D:/ST/STM32CubeIDE_1.14.1/STM32CubeIDE/plugins/com.st.stm32cube.ide.mcu.externaltools.gnu-tools-for-stm32.12.3.rel1.win32_1.0.100.202403111256/tools/bin/../lib/gcc/arm-none-eabi/12.3.1/thumb/v7e-m+fp/hard\libgcc.a(_dvmd_tls.o)
 .ARM.attributes
                0x0000092f       0x22 D:/ST/STM32CubeIDE_1.14.1/STM32CubeIDE/plugins/com.st.stm32cube.ide.mcu.externaltools.gnu-tools-for-stm32.12.3.rel1.win32_1.0.100.202403111256/tools/bin/../lib/gcc/arm-none-eabi/12.3.1/thumb/v7e-m+fp/hard/crtn.o
OUTPUT(focTemplate.elf elf32-littlearm)
LOAD linker stubs
LOAD D:/ST/STM32CubeIDE_1.14.1/STM32CubeIDE/plugins/com.st.stm32cube.ide.mcu.externaltools.gnu-tools-for-stm32.12.3.rel1.win32_1.0.100.202403111256/tools/bin/../lib/gcc/arm-none-eabi/12.3.1/../../../../arm-none-eabi/lib/thumb/v7e-m+fp/hard\libc.a
LOAD D:/ST/STM32CubeIDE_1.14.1/STM32CubeIDE/plugins/com.st.stm32cube.ide.mcu.externaltools.gnu-tools-for-stm32.12.3.rel1.win32_1.0.100.202403111256/tools/bin/../lib/gcc/arm-none-eabi/12.3.1/../../../../arm-none-eabi/lib/thumb/v7e-m+fp/hard\libm.a
LOAD D:/ST/STM32CubeIDE_1.14.1/STM32CubeIDE/plugins/com.st.stm32cube.ide.mcu.externaltools.gnu-tools-for-stm32.12.3.rel1.win32_1.0.100.202403111256/tools/bin/../lib/gcc/arm-none-eabi/12.3.1/thumb/v7e-m+fp/hard\libgcc.a

.debug_info     0x00000000    0x230f0
 .debug_info    0x00000000     0x133f ./Core/Src/adc.o
 .debug_info    0x0000133f      0x839 ./Core/Src/comp.o
 .debug_info    0x00001b78      0xbb0 ./Core/Src/dac.o
 .debug_info    0x00002728      0x4f2 ./Core/Src/dma.o
 .debug_info    0x00002c1a      0xd59 ./Core/Src/fdcan.o
 .debug_info    0x00003973      0x6a4 ./Core/Src/gpio.o
 .debug_info    0x00004017     0x154a ./Core/Src/main.o
 .debug_info    0x00005561      0x720 ./Core/Src/opamp.o
 .debug_info    0x00005c81      0x2da ./Core/Src/stm32g4xx_hal_msp.o
 .debug_info    0x00005f5b     0x185e ./Core/Src/stm32g4xx_it.o
 .debug_info    0x000077b9      0x58e ./Core/Src/system_stm32g4xx.o
 .debug_info    0x00007d47     0x130b ./Core/Src/tim.o
 .debug_info    0x00009052      0xfea ./Core/Src/usart.o
 .debug_info    0x0000a03c       0x30 ./Core/Startup/startup_stm32g431cbux.o
 .debug_info    0x0000a06c      0xadb ./Drivers/STM32G4xx_HAL_Driver/Src/stm32g4xx_hal.o
 .debug_info    0x0000ab47     0x2063 ./Drivers/STM32G4xx_HAL_Driver/Src/stm32g4xx_hal_adc.o
 .debug_info    0x0000cbaa     0x1d80 ./Drivers/STM32G4xx_HAL_Driver/Src/stm32g4xx_hal_adc_ex.o
 .debug_info    0x0000e92a      0x6f3 ./Drivers/STM32G4xx_HAL_Driver/Src/stm32g4xx_hal_comp.o
 .debug_info    0x0000f01d      0xcf3 ./Drivers/STM32G4xx_HAL_Driver/Src/stm32g4xx_hal_cortex.o
 .debug_info    0x0000fd10      0xcbc ./Drivers/STM32G4xx_HAL_Driver/Src/stm32g4xx_hal_dac.o
 .debug_info    0x000109cc      0x85f ./Drivers/STM32G4xx_HAL_Driver/Src/stm32g4xx_hal_dma.o
 .debug_info    0x0001122b     0x189c ./Drivers/STM32G4xx_HAL_Driver/Src/stm32g4xx_hal_fdcan.o
 .debug_info    0x00012ac7      0x763 ./Drivers/STM32G4xx_HAL_Driver/Src/stm32g4xx_hal_gpio.o
 .debug_info    0x0001322a      0x76a ./Drivers/STM32G4xx_HAL_Driver/Src/stm32g4xx_hal_opamp.o
 .debug_info    0x00013994      0x93f ./Drivers/STM32G4xx_HAL_Driver/Src/stm32g4xx_hal_pwr_ex.o
 .debug_info    0x000142d3      0xb82 ./Drivers/STM32G4xx_HAL_Driver/Src/stm32g4xx_hal_rcc.o
 .debug_info    0x00014e55      0xc15 ./Drivers/STM32G4xx_HAL_Driver/Src/stm32g4xx_hal_rcc_ex.o
 .debug_info    0x00015a6a     0x2c52 ./Drivers/STM32G4xx_HAL_Driver/Src/stm32g4xx_hal_tim.o
 .debug_info    0x000186bc     0x1d95 ./Drivers/STM32G4xx_HAL_Driver/Src/stm32g4xx_hal_tim_ex.o
 .debug_info    0x0001a451     0x481e ./Drivers/STM32G4xx_HAL_Driver/Src/stm32g4xx_hal_uart.o
 .debug_info    0x0001ec6f      0xfdd ./Drivers/STM32G4xx_HAL_Driver/Src/stm32g4xx_hal_uart_ex.o
 .debug_info    0x0001fc4c      0x24e ./User/app.o
 .debug_info    0x0001fe9a      0x5d3 ./User/foc.o
 .debug_info    0x0002046d      0x33c ./User/foc_utils.o
 .debug_info    0x000207a9      0x86b ./User/motor.o
 .debug_info    0x00021014     0x1d35 ./User/userMain.o
 .debug_info    0x00022d49      0x3a7 ./User/userTimer.o

.debug_abbrev   0x00000000     0x4bdb
 .debug_abbrev  0x00000000      0x238 ./Core/Src/adc.o
 .debug_abbrev  0x00000238      0x1ca ./Core/Src/comp.o
 .debug_abbrev  0x00000402      0x1fa ./Core/Src/dac.o
 .debug_abbrev  0x000005fc      0x109 ./Core/Src/dma.o
 .debug_abbrev  0x00000705      0x1d2 ./Core/Src/fdcan.o
 .debug_abbrev  0x000008d7      0x15b ./Core/Src/gpio.o
 .debug_abbrev  0x00000a32      0x252 ./Core/Src/main.o
 .debug_abbrev  0x00000c84      0x1d5 ./Core/Src/opamp.o
 .debug_abbrev  0x00000e59       0xd9 ./Core/Src/stm32g4xx_hal_msp.o
 .debug_abbrev  0x00000f32      0x20f ./Core/Src/stm32g4xx_it.o
 .debug_abbrev  0x00001141      0x11a ./Core/Src/system_stm32g4xx.o
 .debug_abbrev  0x0000125b      0x270 ./Core/Src/tim.o
 .debug_abbrev  0x000014cb      0x226 ./Core/Src/usart.o
 .debug_abbrev  0x000016f1       0x24 ./Core/Startup/startup_stm32g431cbux.o
 .debug_abbrev  0x00001715      0x271 ./Drivers/STM32G4xx_HAL_Driver/Src/stm32g4xx_hal.o
 .debug_abbrev  0x00001986      0x2d3 ./Drivers/STM32G4xx_HAL_Driver/Src/stm32g4xx_hal_adc.o
 .debug_abbrev  0x00001c59      0x2ee ./Drivers/STM32G4xx_HAL_Driver/Src/stm32g4xx_hal_adc_ex.o
 .debug_abbrev  0x00001f47      0x213 ./Drivers/STM32G4xx_HAL_Driver/Src/stm32g4xx_hal_comp.o
 .debug_abbrev  0x0000215a      0x31c ./Drivers/STM32G4xx_HAL_Driver/Src/stm32g4xx_hal_cortex.o
 .debug_abbrev  0x00002476      0x231 ./Drivers/STM32G4xx_HAL_Driver/Src/stm32g4xx_hal_dac.o
 .debug_abbrev  0x000026a7      0x1e2 ./Drivers/STM32G4xx_HAL_Driver/Src/stm32g4xx_hal_dma.o
 .debug_abbrev  0x00002889      0x1e7 ./Drivers/STM32G4xx_HAL_Driver/Src/stm32g4xx_hal_fdcan.o
 .debug_abbrev  0x00002a70      0x1cb ./Drivers/STM32G4xx_HAL_Driver/Src/stm32g4xx_hal_gpio.o
 .debug_abbrev  0x00002c3b      0x1a6 ./Drivers/STM32G4xx_HAL_Driver/Src/stm32g4xx_hal_opamp.o
 .debug_abbrev  0x00002de1      0x22c ./Drivers/STM32G4xx_HAL_Driver/Src/stm32g4xx_hal_pwr_ex.o
 .debug_abbrev  0x0000300d      0x2c9 ./Drivers/STM32G4xx_HAL_Driver/Src/stm32g4xx_hal_rcc.o
 .debug_abbrev  0x000032d6      0x258 ./Drivers/STM32G4xx_HAL_Driver/Src/stm32g4xx_hal_rcc_ex.o
 .debug_abbrev  0x0000352e      0x2a7 ./Drivers/STM32G4xx_HAL_Driver/Src/stm32g4xx_hal_tim.o
 .debug_abbrev  0x000037d5      0x2c5 ./Drivers/STM32G4xx_HAL_Driver/Src/stm32g4xx_hal_tim_ex.o
 .debug_abbrev  0x00003a9a      0x304 ./Drivers/STM32G4xx_HAL_Driver/Src/stm32g4xx_hal_uart.o
 .debug_abbrev  0x00003d9e      0x2d2 ./Drivers/STM32G4xx_HAL_Driver/Src/stm32g4xx_hal_uart_ex.o
 .debug_abbrev  0x00004070      0x135 ./User/app.o
 .debug_abbrev  0x000041a5      0x1e8 ./User/foc.o
 .debug_abbrev  0x0000438d      0x15f ./User/foc_utils.o
 .debug_abbrev  0x000044ec      0x269 ./User/motor.o
 .debug_abbrev  0x00004755      0x36b ./User/userMain.o
 .debug_abbrev  0x00004ac0      0x11b ./User/userTimer.o

.debug_aranges  0x00000000     0x1c48
 .debug_aranges
                0x00000000       0x38 ./Core/Src/adc.o
 .debug_aranges
                0x00000038       0x30 ./Core/Src/comp.o
 .debug_aranges
                0x00000068       0x38 ./Core/Src/dac.o
 .debug_aranges
                0x000000a0       0x20 ./Core/Src/dma.o
 .debug_aranges
                0x000000c0       0x30 ./Core/Src/fdcan.o
 .debug_aranges
                0x000000f0       0x20 ./Core/Src/gpio.o
 .debug_aranges
                0x00000110       0x30 ./Core/Src/main.o
 .debug_aranges
                0x00000140       0x40 ./Core/Src/opamp.o
 .debug_aranges
                0x00000180       0x20 ./Core/Src/stm32g4xx_hal_msp.o
 .debug_aranges
                0x000001a0       0xb0 ./Core/Src/stm32g4xx_it.o
 .debug_aranges
                0x00000250       0x28 ./Core/Src/system_stm32g4xx.o
 .debug_aranges
                0x00000278       0x40 ./Core/Src/tim.o
 .debug_aranges
                0x000002b8       0x30 ./Core/Src/usart.o
 .debug_aranges
                0x000002e8       0x28 ./Core/Startup/startup_stm32g431cbux.o
 .debug_aranges
                0x00000310      0x148 ./Drivers/STM32G4xx_HAL_Driver/Src/stm32g4xx_hal.o
 .debug_aranges
                0x00000458      0x248 ./Drivers/STM32G4xx_HAL_Driver/Src/stm32g4xx_hal_adc.o
 .debug_aranges
                0x000006a0      0x1c0 ./Drivers/STM32G4xx_HAL_Driver/Src/stm32g4xx_hal_adc_ex.o
 .debug_aranges
                0x00000860       0xc8 ./Drivers/STM32G4xx_HAL_Driver/Src/stm32g4xx_hal_comp.o
 .debug_aranges
                0x00000928      0x118 ./Drivers/STM32G4xx_HAL_Driver/Src/stm32g4xx_hal_cortex.o
 .debug_aranges
                0x00000a40       0xc0 ./Drivers/STM32G4xx_HAL_Driver/Src/stm32g4xx_hal_dac.o
 .debug_aranges
                0x00000b00       0x90 ./Drivers/STM32G4xx_HAL_Driver/Src/stm32g4xx_hal_dma.o
 .debug_aranges
                0x00000b90      0x208 ./Drivers/STM32G4xx_HAL_Driver/Src/stm32g4xx_hal_fdcan.o
 .debug_aranges
                0x00000d98       0x58 ./Drivers/STM32G4xx_HAL_Driver/Src/stm32g4xx_hal_gpio.o
 .debug_aranges
                0x00000df0       0x70 ./Drivers/STM32G4xx_HAL_Driver/Src/stm32g4xx_hal_opamp.o
 .debug_aranges
                0x00000e60      0x140 ./Drivers/STM32G4xx_HAL_Driver/Src/stm32g4xx_hal_pwr_ex.o
 .debug_aranges
                0x00000fa0       0x98 ./Drivers/STM32G4xx_HAL_Driver/Src/stm32g4xx_hal_rcc.o
 .debug_aranges
                0x00001038       0xb0 ./Drivers/STM32G4xx_HAL_Driver/Src/stm32g4xx_hal_rcc_ex.o
 .debug_aranges
                0x000010e8      0x3e0 ./Drivers/STM32G4xx_HAL_Driver/Src/stm32g4xx_hal_tim.o
 .debug_aranges
                0x000014c8      0x240 ./Drivers/STM32G4xx_HAL_Driver/Src/stm32g4xx_hal_tim_ex.o
 .debug_aranges
                0x00001708      0x248 ./Drivers/STM32G4xx_HAL_Driver/Src/stm32g4xx_hal_uart.o
 .debug_aranges
                0x00001950       0xa8 ./Drivers/STM32G4xx_HAL_Driver/Src/stm32g4xx_hal_uart_ex.o
 .debug_aranges
                0x000019f8       0x68 ./User/app.o
 .debug_aranges
                0x00001a60       0x58 ./User/foc.o
 .debug_aranges
                0x00001ab8       0x50 ./User/foc_utils.o
 .debug_aranges
                0x00001b08       0x50 ./User/motor.o
 .debug_aranges
                0x00001b58       0x58 ./User/userMain.o
 .debug_aranges
                0x00001bb0       0x98 ./User/userTimer.o

.debug_rnglists
                0x00000000     0x15a8
 .debug_rnglists
                0x00000000       0x29 ./Core/Src/adc.o
 .debug_rnglists
                0x00000029       0x1f ./Core/Src/comp.o
 .debug_rnglists
                0x00000048       0x26 ./Core/Src/dac.o
 .debug_rnglists
                0x0000006e       0x13 ./Core/Src/dma.o
 .debug_rnglists
                0x00000081       0x21 ./Core/Src/fdcan.o
 .debug_rnglists
                0x000000a2       0x14 ./Core/Src/gpio.o
 .debug_rnglists
                0x000000b6       0x21 ./Core/Src/main.o
 .debug_rnglists
                0x000000d7       0x2c ./Core/Src/opamp.o
 .debug_rnglists
                0x00000103       0x13 ./Core/Src/stm32g4xx_hal_msp.o
 .debug_rnglists
                0x00000116       0x7f ./Core/Src/stm32g4xx_it.o
 .debug_rnglists
                0x00000195       0x1a ./Core/Src/system_stm32g4xx.o
 .debug_rnglists
                0x000001af       0x2f ./Core/Src/tim.o
 .debug_rnglists
                0x000001de       0x21 ./Core/Src/usart.o
 .debug_rnglists
                0x000001ff       0x19 ./Core/Startup/startup_stm32g431cbux.o
 .debug_rnglists
                0x00000218       0xf1 ./Drivers/STM32G4xx_HAL_Driver/Src/stm32g4xx_hal.o
 .debug_rnglists
                0x00000309      0x1c0 ./Drivers/STM32G4xx_HAL_Driver/Src/stm32g4xx_hal_adc.o
 .debug_rnglists
                0x000004c9      0x15a ./Drivers/STM32G4xx_HAL_Driver/Src/stm32g4xx_hal_adc_ex.o
 .debug_rnglists
                0x00000623       0x93 ./Drivers/STM32G4xx_HAL_Driver/Src/stm32g4xx_hal_comp.o
 .debug_rnglists
                0x000006b6       0xce ./Drivers/STM32G4xx_HAL_Driver/Src/stm32g4xx_hal_cortex.o
 .debug_rnglists
                0x00000784       0x90 ./Drivers/STM32G4xx_HAL_Driver/Src/stm32g4xx_hal_dac.o
 .debug_rnglists
                0x00000814       0x71 ./Drivers/STM32G4xx_HAL_Driver/Src/stm32g4xx_hal_dma.o
 .debug_rnglists
                0x00000885      0x18d ./Drivers/STM32G4xx_HAL_Driver/Src/stm32g4xx_hal_fdcan.o
 .debug_rnglists
                0x00000a12       0x3f ./Drivers/STM32G4xx_HAL_Driver/Src/stm32g4xx_hal_gpio.o
 .debug_rnglists
                0x00000a51       0x52 ./Drivers/STM32G4xx_HAL_Driver/Src/stm32g4xx_hal_opamp.o
 .debug_rnglists
                0x00000aa3       0xf1 ./Drivers/STM32G4xx_HAL_Driver/Src/stm32g4xx_hal_pwr_ex.o
 .debug_rnglists
                0x00000b94       0x74 ./Drivers/STM32G4xx_HAL_Driver/Src/stm32g4xx_hal_rcc.o
 .debug_rnglists
                0x00000c08       0x87 ./Drivers/STM32G4xx_HAL_Driver/Src/stm32g4xx_hal_rcc_ex.o
 .debug_rnglists
                0x00000c8f      0x328 ./Drivers/STM32G4xx_HAL_Driver/Src/stm32g4xx_hal_tim.o
 .debug_rnglists
                0x00000fb7      0x1cc ./Drivers/STM32G4xx_HAL_Driver/Src/stm32g4xx_hal_tim_ex.o
 .debug_rnglists
                0x00001183      0x1fa ./Drivers/STM32G4xx_HAL_Driver/Src/stm32g4xx_hal_uart.o
 .debug_rnglists
                0x0000137d       0x7f ./Drivers/STM32G4xx_HAL_Driver/Src/stm32g4xx_hal_uart_ex.o
 .debug_rnglists
                0x000013fc       0x4a ./User/app.o
 .debug_rnglists
                0x00001446       0x42 ./User/foc.o
 .debug_rnglists
                0x00001488       0x39 ./User/foc_utils.o
 .debug_rnglists
                0x000014c1       0x3a ./User/motor.o
 .debug_rnglists
                0x000014fb       0x3f ./User/userMain.o
 .debug_rnglists
                0x0000153a       0x6e ./User/userTimer.o

.debug_macro    0x00000000    0x2550c
 .debug_macro   0x00000000      0x256 ./Core/Src/adc.o
 .debug_macro   0x00000256      0xab4 ./Core/Src/adc.o
 .debug_macro   0x00000d0a      0x179 ./Core/Src/adc.o
 .debug_macro   0x00000e83       0x2e ./Core/Src/adc.o
 .debug_macro   0x00000eb1       0x28 ./Core/Src/adc.o
 .debug_macro   0x00000ed9       0x22 ./Core/Src/adc.o
 .debug_macro   0x00000efb       0x8e ./Core/Src/adc.o
 .debug_macro   0x00000f89       0x51 ./Core/Src/adc.o
 .debug_macro   0x00000fda      0x103 ./Core/Src/adc.o
 .debug_macro   0x000010dd       0x6a ./Core/Src/adc.o
 .debug_macro   0x00001147      0x1df ./Core/Src/adc.o
 .debug_macro   0x00001326       0x1c ./Core/Src/adc.o
 .debug_macro   0x00001342       0x22 ./Core/Src/adc.o
 .debug_macro   0x00001364       0xfb ./Core/Src/adc.o
 .debug_macro   0x0000145f     0x1011 ./Core/Src/adc.o
 .debug_macro   0x00002470      0x11f ./Core/Src/adc.o
 .debug_macro   0x0000258f    0x11350 ./Core/Src/adc.o
 .debug_macro   0x000138df       0x6d ./Core/Src/adc.o
 .debug_macro   0x0001394c     0x354d ./Core/Src/adc.o
 .debug_macro   0x00016e99      0x189 ./Core/Src/adc.o
 .debug_macro   0x00017022       0x5c ./Core/Src/adc.o
 .debug_macro   0x0001707e     0x141d ./Core/Src/adc.o
 .debug_macro   0x0001849b      0x535 ./Core/Src/adc.o
 .debug_macro   0x000189d0      0x1b6 ./Core/Src/adc.o
 .debug_macro   0x00018b86      0x288 ./Core/Src/adc.o
 .debug_macro   0x00018e0e      0x41d ./Core/Src/adc.o
 .debug_macro   0x0001922b      0x18b ./Core/Src/adc.o
 .debug_macro   0x000193b6       0x43 ./Core/Src/adc.o
 .debug_macro   0x000193f9      0x23d ./Core/Src/adc.o
 .debug_macro   0x00019636     0x1112 ./Core/Src/adc.o
 .debug_macro   0x0001a748      0x72e ./Core/Src/adc.o
 .debug_macro   0x0001ae76      0x391 ./Core/Src/adc.o
 .debug_macro   0x0001b207      0x11d ./Core/Src/adc.o
 .debug_macro   0x0001b324      0x401 ./Core/Src/adc.o
 .debug_macro   0x0001b725      0x209 ./Core/Src/adc.o
 .debug_macro   0x0001b92e      0x108 ./Core/Src/adc.o
 .debug_macro   0x0001ba36      0x211 ./Core/Src/adc.o
 .debug_macro   0x0001bc47      0x6bd ./Core/Src/adc.o
 .debug_macro   0x0001c304      0x401 ./Core/Src/adc.o
 .debug_macro   0x0001c705      0x107 ./Core/Src/adc.o
 .debug_macro   0x0001c80c      0x1ae ./Core/Src/adc.o
 .debug_macro   0x0001c9ba      0x122 ./Core/Src/adc.o
 .debug_macro   0x0001cadc      0x3d1 ./Core/Src/adc.o
 .debug_macro   0x0001cead      0xbda ./Core/Src/adc.o
 .debug_macro   0x0001da87      0x47e ./Core/Src/adc.o
 .debug_macro   0x0001df05      0x693 ./Core/Src/adc.o
 .debug_macro   0x0001e598       0xa6 ./Core/Src/adc.o
 .debug_macro   0x0001e63e      0x306 ./Core/Src/adc.o
 .debug_macro   0x0001e944       0x52 ./Core/Src/adc.o
 .debug_macro   0x0001e996      0x256 ./Core/Src/comp.o
 .debug_macro   0x0001ebec      0x256 ./Core/Src/dac.o
 .debug_macro   0x0001ee42      0x256 ./Core/Src/dma.o
 .debug_macro   0x0001f098      0x256 ./Core/Src/fdcan.o
 .debug_macro   0x0001f2ee      0x256 ./Core/Src/gpio.o
 .debug_macro   0x0001f544      0x3ce ./Core/Src/main.o
 .debug_macro   0x0001f912       0x61 ./Core/Src/main.o
 .debug_macro   0x0001f973       0x2a ./Core/Src/main.o
 .debug_macro   0x0001f99d       0x43 ./Core/Src/main.o
 .debug_macro   0x0001f9e0       0x34 ./Core/Src/main.o