../Core/Src/stm32g4xx_it.c:76:6:NMI_Handler	4	static
../Core/Src/stm32g4xx_it.c:91:6:HardFault_Handler	4	static
../Core/Src/stm32g4xx_it.c:106:6:MemManage_Handler	4	static
../Core/Src/stm32g4xx_it.c:121:6:BusFault_Handler	4	static
../Core/Src/stm32g4xx_it.c:136:6:UsageFault_Handler	4	static
../Core/Src/stm32g4xx_it.c:151:6:SVC_Handler	4	static
../Core/Src/stm32g4xx_it.c:164:6:DebugMon_Handler	4	static
../Core/Src/stm32g4xx_it.c:177:6:PendSV_Handler	4	static
../Core/Src/stm32g4xx_it.c:190:6:SysTick_Handler	8	static
../Core/Src/stm32g4xx_it.c:211:6:DMA1_Channel1_IRQHandler	8	static
../Core/Src/stm32g4xx_it.c:225:6:ADC1_2_IRQHandler	8	static
../Core/Src/stm32g4xx_it.c:240:6:FDCAN1_IT0_IRQHandler	8	static
../Core/Src/stm32g4xx_it.c:254:6:TIM1_BRK_TIM15_IRQHandler	8	static
../Core/Src/stm32g4xx_it.c:268:6:TIM1_UP_TIM16_IRQHandler	8	static
../Core/Src/stm32g4xx_it.c:282:6:TIM1_CC_IRQHandler	8	static
../Core/Src/stm32g4xx_it.c:296:6:TIM4_IRQHandler	8	static
../Core/Src/stm32g4xx_it.c:310:6:USART3_IRQHandler	8	static
../Core/Src/stm32g4xx_it.c:324:6:EXTI15_10_IRQHandler	8	static
../Core/Src/stm32g4xx_it.c:340:6:COMP1_2_3_IRQHandler	8	static
